###############################################################################
#
# IAR ELF Linker V8.30.1.114/W32 for ARM                  23/Feb/2021  10:53:10
# Copyright 2007-2018 IAR Systems AB.
#
#    Output file  =  E:\iar_project\stm32f407_reg\Debug\Exe\stm32f407_reg.out
#    Map file     =  E:\iar_project\stm32f407_reg\Debug\List\stm32f407_reg.map
#    Command line =  
#        -f C:\Users\ADMINI~1\AppData\Local\Temp\EW237D.tmp
#        (E:\iar_project\stm32f407_reg\Debug\Obj\canBsp.o
#        E:\iar_project\stm32f407_reg\Debug\Obj\captureBsp.o
#        E:\iar_project\stm32f407_reg\Debug\Obj\dmaBsp.o
#        E:\iar_project\stm32f407_reg\Debug\Obj\extiBsp.o
#        E:\iar_project\stm32f407_reg\Debug\Obj\gpioBsp.o
#        E:\iar_project\stm32f407_reg\Debug\Obj\iwdgBsp.o
#        E:\iar_project\stm32f407_reg\Debug\Obj\main.o
#        E:\iar_project\stm32f407_reg\Debug\Obj\misc.o
#        E:\iar_project\stm32f407_reg\Debug\Obj\pwmBsp.o
#        E:\iar_project\stm32f407_reg\Debug\Obj\rccBsp.o
#        E:\iar_project\stm32f407_reg\Debug\Obj\sdioBsp.o
#        E:\iar_project\stm32f407_reg\Debug\Obj\startup_stm32f40xx.o
#        E:\iar_project\stm32f407_reg\Debug\Obj\stm32f4xx_adc.o
#        E:\iar_project\stm32f407_reg\Debug\Obj\stm32f4xx_can.o
#        E:\iar_project\stm32f407_reg\Debug\Obj\stm32f4xx_cec.o
#        E:\iar_project\stm32f407_reg\Debug\Obj\stm32f4xx_crc.o
#        E:\iar_project\stm32f407_reg\Debug\Obj\stm32f4xx_cryp.o
#        E:\iar_project\stm32f407_reg\Debug\Obj\stm32f4xx_cryp_aes.o
#        E:\iar_project\stm32f407_reg\Debug\Obj\stm32f4xx_cryp_des.o
#        E:\iar_project\stm32f407_reg\Debug\Obj\stm32f4xx_cryp_tdes.o
#        E:\iar_project\stm32f407_reg\Debug\Obj\stm32f4xx_dac.o
#        E:\iar_project\stm32f407_reg\Debug\Obj\stm32f4xx_dbgmcu.o
#        E:\iar_project\stm32f407_reg\Debug\Obj\stm32f4xx_dcmi.o
#        E:\iar_project\stm32f407_reg\Debug\Obj\stm32f4xx_dfsdm.o
#        E:\iar_project\stm32f407_reg\Debug\Obj\stm32f4xx_dma.o
#        E:\iar_project\stm32f407_reg\Debug\Obj\stm32f4xx_dma2d.o
#        E:\iar_project\stm32f407_reg\Debug\Obj\stm32f4xx_dsi.o
#        E:\iar_project\stm32f407_reg\Debug\Obj\stm32f4xx_exti.o
#        E:\iar_project\stm32f407_reg\Debug\Obj\stm32f4xx_flash.o
#        E:\iar_project\stm32f407_reg\Debug\Obj\stm32f4xx_flash_ramfunc.o
#        E:\iar_project\stm32f407_reg\Debug\Obj\stm32f4xx_fmpi2c.o
#        E:\iar_project\stm32f407_reg\Debug\Obj\stm32f4xx_fsmc.o
#        E:\iar_project\stm32f407_reg\Debug\Obj\stm32f4xx_gpio.o
#        E:\iar_project\stm32f407_reg\Debug\Obj\stm32f4xx_hash.o
#        E:\iar_project\stm32f407_reg\Debug\Obj\stm32f4xx_hash_md5.o
#        E:\iar_project\stm32f407_reg\Debug\Obj\stm32f4xx_hash_sha1.o
#        E:\iar_project\stm32f407_reg\Debug\Obj\stm32f4xx_i2c.o
#        E:\iar_project\stm32f407_reg\Debug\Obj\stm32f4xx_iwdg.o
#        E:\iar_project\stm32f407_reg\Debug\Obj\stm32f4xx_lptim.o
#        E:\iar_project\stm32f407_reg\Debug\Obj\stm32f4xx_ltdc.o
#        E:\iar_project\stm32f407_reg\Debug\Obj\stm32f4xx_pwr.o
#        E:\iar_project\stm32f407_reg\Debug\Obj\stm32f4xx_qspi.o
#        E:\iar_project\stm32f407_reg\Debug\Obj\stm32f4xx_rcc.o
#        E:\iar_project\stm32f407_reg\Debug\Obj\stm32f4xx_rng.o
#        E:\iar_project\stm32f407_reg\Debug\Obj\stm32f4xx_rtc.o
#        E:\iar_project\stm32f407_reg\Debug\Obj\stm32f4xx_sai.o
#        E:\iar_project\stm32f407_reg\Debug\Obj\stm32f4xx_sdio.o
#        E:\iar_project\stm32f407_reg\Debug\Obj\stm32f4xx_spdifrx.o
#        E:\iar_project\stm32f407_reg\Debug\Obj\stm32f4xx_spi.o
#        E:\iar_project\stm32f407_reg\Debug\Obj\stm32f4xx_syscfg.o
#        E:\iar_project\stm32f407_reg\Debug\Obj\stm32f4xx_tim.o
#        E:\iar_project\stm32f407_reg\Debug\Obj\stm32f4xx_usart.o
#        E:\iar_project\stm32f407_reg\Debug\Obj\stm32f4xx_wwdg.o
#        E:\iar_project\stm32f407_reg\Debug\Obj\system_stm32f4xx.o
#        E:\iar_project\stm32f407_reg\Debug\Obj\timBsp.o
#        E:\iar_project\stm32f407_reg\Debug\Obj\uartBsp.o --no_out_extension -o
#        E:\iar_project\stm32f407_reg\Debug\Exe\stm32f407_reg.out --redirect
#        _Printf=_PrintfFullNoMb --redirect _Scanf=_ScanfFullNoMb --map
#        E:\iar_project\stm32f407_reg\Debug\List\stm32f407_reg.map --config
#        "D:\Program Files (x86)\IAR Systems\Embedded Workbench
#        8.1\arm\config\linker\ST\stm32f407xG.icf" --semihosting --entry
#        __iar_program_start --vfe --text_out locale)
#
###############################################################################

*******************************************************************************
*** RUNTIME MODEL ATTRIBUTES
***

CppFlavor       = *
__SystemLibrary = DLib
__dlib_version  = 6


*******************************************************************************
*** HEAP SELECTION
***

The basic heap was selected because no calls to memory allocation
functions were found in the application outside of system library
functions, and there are calls to deallocation functions in the
application.


*******************************************************************************
*** PLACEMENT SUMMARY
***

"A0":  place at 0x800'0000 { ro section .intvec };
"P1":  place in [from 0x800'0000 to 0x80f'ffff] { ro };
define block CSTACK with size = 8K, alignment = 8 { };
"P3":  place in [from 0x1000'0000 to 0x1000'ffff] {
          block CSTACK, section .ccram };
define block HEAP with size = 8K, alignment = 8 { };
"P4":  place in [from 0x2000'0000 to 0x2001'bfff] |
                [from 0x2001'c000 to 0x2001'ffff] { rw, block HEAP };
initialize by copy { rw };

No sections matched the following patterns:

  ro section application_specific_ro  in "P2"
  section .backup_sram                in "P5"
  section .ccram                      in "P3"


  Section            Kind         Address    Size  Object
  -------            ----         -------    ----  ------
"A0":                                       0x188
  .intvec            ro code   0x800'0000   0x188  startup_stm32f40xx.o [1]
                             - 0x800'0188   0x188

"P1":                                      0x3f20
  .text              ro code   0x800'0188  0x10bc  sdioBsp.o [1]
  .text              ro code   0x800'1244    0x28  printf.o [2]
  .text              ro code   0x800'126c   0x1e8  stm32f4xx_rcc.o [1]
  .text              ro code   0x800'1454   0x138  stm32f4xx_gpio.o [1]
  .text              ro code   0x800'158c    0x88  misc.o [1]
  .text              ro code   0x800'1614    0xd4  stm32f4xx_sdio.o [1]
  .text              ro code   0x800'16e8   0xe26  xprintffull_nomb.o [2]
  .text              ro code   0x800'250e    0x3a  zero_init3.o [4]
  .text              ro code   0x800'2548    0x16  strchr.o [4]
  .text              ro code   0x800'2560    0x40  xfail_s.o [2]
  .text              ro code   0x800'25a0    0x36  strlen.o [4]
  .text              ro code   0x800'25d8    0x58  memchr.o [4]
  .text              ro code   0x800'2630   0x230  I64DivMod.o [4]
  .text              ro code   0x800'2860   0x1a2  DblMul.o [3]
  .text              ro code   0x800'2a04    0xa6  ABImemcpy.o [4]
  .text              ro code   0x800'2aac    0x70  frexp.o [3]
  .text              ro code   0x800'2b1c    0x2e  DblCmpLe.o [3]
  .text              ro code   0x800'2b4c    0x2e  DblCmpGe.o [3]
  .text              ro code   0x800'2b7c   0x13a  ldexp.o [3]
  .text              ro code   0x800'2cb8    0x3a  DblToS32.o [3]
  .text              ro code   0x800'2cf4    0x22  S32ToDbl.o [3]
  .text              ro code   0x800'2d18    0xe2  DblSub.o [3]
  .text              ro code   0x800'2dfc   0x246  DblDiv.o [3]
  .text              ro code   0x800'3044    0x28  DblToU32.o [3]
  .text              ro code   0x800'306c    0x1a  U32ToDbl.o [3]
  .text              ro code   0x800'3086     0x6  abort.o [2]
  .text              ro code   0x800'308c     0x2  I64DivZer.o [4]
  .text              ro code   0x800'3090   0x16a  DblAdd.o [3]
  .text              ro code   0x800'31fc    0x14  exit.o [5]
  .text              ro code   0x800'3210    0x80  iarttio.o [5]
  .text              ro code   0x800'3290    0x3c  XShttio.o [2]
  .text              ro code   0x800'32cc   0x2ec  stm32f4xx_can.o [1]
  .text              ro code   0x800'35b8   0x188  stm32f4xx_tim.o [1]
  .text              ro code   0x800'3740   0x124  system_stm32f4xx.o [1]
  .text              ro code   0x800'3864   0x100  pwmBsp.o [1]
  .text              ro code   0x800'3964    0xb4  canBsp.o [1]
  .text              ro code   0x800'3a18    0xae  rccBsp.o [1]
  .text              ro code   0x800'3ac8    0x58  timBsp.o [1]
  .text              ro code   0x800'3b20    0x4c  captureBsp.o [1]
  .text              ro code   0x800'3b6c    0x3c  main.o [1]
  .text              ro code   0x800'3ba8    0x38  gpioBsp.o [1]
  .text              ro code   0x800'3be0    0x3c  stm32f4xx_usart.o [1]
  .text              ro code   0x800'3c1c    0x38  uartBsp.o [1]
  .text              ro code   0x800'3c54    0x30  stm32f4xx_dma.o [1]
  .text              ro code   0x800'3c84    0x2c  copy_init3.o [4]
  .text              ro code   0x800'3cb0    0x28  data_init.o [4]
  .text              ro code   0x800'3cd8    0x24  extiBsp.o [1]
  .text              ro code   0x800'3cfc    0x24  stm32f4xx_exti.o [1]
  .text              ro code   0x800'3d20    0x22  fpinit_M.o [3]
  .text              ro code   0x800'3d42    0x22  iarwrite.o [5]
  .iar.init_table    const     0x800'3d64    0x24  - Linker created -
  .text              ro code   0x800'3d88    0x20  dmaBsp.o [1]
  .text              ro code   0x800'3da8    0x20  putchar.o [2]
  .text              ro code   0x800'3dc8    0x10  write.o [5]
  .text              ro code   0x800'3dd8    0x1e  dwrite.o [5]
  .text              ro code   0x800'3df6    0x20  iarwstd.o [5]
  .text              ro code   0x800'3e18    0x1e  cmain.o [4]
  .text              ro code   0x800'3e36     0x4  low_level_init.o [2]
  .text              ro code   0x800'3e3a     0x4  exit.o [2]
  .text              ro code   0x800'3e40     0xa  cexit.o [4]
  .rodata            const     0x800'3e4c    0x1c  sdioBsp.o [1]
  .rodata            const     0x800'3e68    0x18  sdioBsp.o [1]
  .rodata            const     0x800'3e80    0x18  sdioBsp.o [1]
  .rodata            const     0x800'3e98    0x18  sdioBsp.o [1]
  .rodata            const     0x800'3eb0    0x18  sdioBsp.o [1]
  .rodata            const     0x800'3ec8    0x18  sdioBsp.o [1]
  .rodata            const     0x800'3ee0    0x18  sdioBsp.o [1]
  .text              ro code   0x800'3ef8    0x16  xprout.o [2]
  .rodata            const     0x800'3f10    0x14  main.o [1]
  .rodata            const     0x800'3f24    0x10  sdioBsp.o [1]
  .text              ro code   0x800'3f34    0x10  startup_stm32f40xx.o [1]
  .text              ro code   0x800'3f44     0xc  cstartup_M.o [4]
  .text              ro code   0x800'3f50     0x4  startup_stm32f40xx.o [1]
  .text              ro code   0x800'3f54     0x4  startup_stm32f40xx.o [1]
  .text              ro code   0x800'3f58     0x4  startup_stm32f40xx.o [1]
  .text              ro code   0x800'3f5c     0x4  startup_stm32f40xx.o [1]
  .text              ro code   0x800'3f60     0x4  startup_stm32f40xx.o [1]
  .text              ro code   0x800'3f64     0x4  startup_stm32f40xx.o [1]
  .text              ro code   0x800'3f68     0x4  startup_stm32f40xx.o [1]
  .text              ro code   0x800'3f6c     0x4  startup_stm32f40xx.o [1]
  .text              ro code   0x800'3f70     0x4  startup_stm32f40xx.o [1]
  .text              ro code   0x800'3f74     0x4  startup_stm32f40xx.o [1]
  .text              ro code   0x800'3f78     0x4  startup_stm32f40xx.o [1]
  .text              ro code   0x800'3f7c     0x4  startup_stm32f40xx.o [1]
  .text              ro code   0x800'3f80     0x4  startup_stm32f40xx.o [1]
  .text              ro code   0x800'3f84     0x4  startup_stm32f40xx.o [1]
  .text              ro code   0x800'3f88     0x4  startup_stm32f40xx.o [1]
  .text              ro code   0x800'3f8c     0x4  startup_stm32f40xx.o [1]
  .text              ro code   0x800'3f90     0x4  startup_stm32f40xx.o [1]
  .text              ro code   0x800'3f94     0x4  startup_stm32f40xx.o [1]
  .text              ro code   0x800'3f98     0x4  startup_stm32f40xx.o [1]
  .text              ro code   0x800'3f9c     0x4  startup_stm32f40xx.o [1]
  .text              ro code   0x800'3fa0     0x4  startup_stm32f40xx.o [1]
  .text              ro code   0x800'3fa4     0x4  startup_stm32f40xx.o [1]
  .text              ro code   0x800'3fa8     0x4  startup_stm32f40xx.o [1]
  .text              ro code   0x800'3fac     0x4  startup_stm32f40xx.o [1]
  .text              ro code   0x800'3fb0     0x4  startup_stm32f40xx.o [1]
  .text              ro code   0x800'3fb4     0x4  startup_stm32f40xx.o [1]
  .text              ro code   0x800'3fb8     0x4  startup_stm32f40xx.o [1]
  .text              ro code   0x800'3fbc     0x4  startup_stm32f40xx.o [1]
  .text              ro code   0x800'3fc0     0x4  startup_stm32f40xx.o [1]
  .text              ro code   0x800'3fc4     0x4  startup_stm32f40xx.o [1]
  .text              ro code   0x800'3fc8     0x4  startup_stm32f40xx.o [1]
  .text              ro code   0x800'3fcc     0x4  startup_stm32f40xx.o [1]
  .text              ro code   0x800'3fd0     0x4  startup_stm32f40xx.o [1]
  .text              ro code   0x800'3fd4     0x4  startup_stm32f40xx.o [1]
  .text              ro code   0x800'3fd8     0x4  startup_stm32f40xx.o [1]
  .text              ro code   0x800'3fdc     0x4  startup_stm32f40xx.o [1]
  .text              ro code   0x800'3fe0     0x4  startup_stm32f40xx.o [1]
  .text              ro code   0x800'3fe4     0x4  startup_stm32f40xx.o [1]
  .text              ro code   0x800'3fe8     0x4  startup_stm32f40xx.o [1]
  .text              ro code   0x800'3fec     0x4  startup_stm32f40xx.o [1]
  .text              ro code   0x800'3ff0     0x4  startup_stm32f40xx.o [1]
  .text              ro code   0x800'3ff4     0x4  startup_stm32f40xx.o [1]
  .text              ro code   0x800'3ff8     0x4  startup_stm32f40xx.o [1]
  .text              ro code   0x800'3ffc     0x4  startup_stm32f40xx.o [1]
  .text              ro code   0x800'4000     0x4  startup_stm32f40xx.o [1]
  .text              ro code   0x800'4004     0x4  startup_stm32f40xx.o [1]
  .text              ro code   0x800'4008     0x4  startup_stm32f40xx.o [1]
  .text              ro code   0x800'400c     0x4  startup_stm32f40xx.o [1]
  .text              ro code   0x800'4010     0x4  startup_stm32f40xx.o [1]
  .text              ro code   0x800'4014     0x4  startup_stm32f40xx.o [1]
  .text              ro code   0x800'4018     0x4  startup_stm32f40xx.o [1]
  .text              ro code   0x800'401c     0x4  startup_stm32f40xx.o [1]
  .text              ro code   0x800'4020     0x4  startup_stm32f40xx.o [1]
  .text              ro code   0x800'4024     0x4  startup_stm32f40xx.o [1]
  .text              ro code   0x800'4028     0x4  startup_stm32f40xx.o [1]
  .text              ro code   0x800'402c     0x4  startup_stm32f40xx.o [1]
  .text              ro code   0x800'4030     0x4  startup_stm32f40xx.o [1]
  .text              ro code   0x800'4034     0x4  startup_stm32f40xx.o [1]
  .text              ro code   0x800'4038     0x4  startup_stm32f40xx.o [1]
  .text              ro code   0x800'403c     0x4  startup_stm32f40xx.o [1]
  .text              ro code   0x800'4040     0x4  startup_stm32f40xx.o [1]
  .text              ro code   0x800'4044     0x4  startup_stm32f40xx.o [1]
  .text              ro code   0x800'4048     0x4  startup_stm32f40xx.o [1]
  .text              ro code   0x800'404c     0x4  startup_stm32f40xx.o [1]
  .text              ro code   0x800'4050     0x4  startup_stm32f40xx.o [1]
  .text              ro code   0x800'4054     0x4  startup_stm32f40xx.o [1]
  .text              ro code   0x800'4058     0x4  startup_stm32f40xx.o [1]
  .text              ro code   0x800'405c     0x4  startup_stm32f40xx.o [1]
  .text              ro code   0x800'4060     0x4  startup_stm32f40xx.o [1]
  .text              ro code   0x800'4064     0x4  startup_stm32f40xx.o [1]
  .text              ro code   0x800'4068     0x4  startup_stm32f40xx.o [1]
  .text              ro code   0x800'406c     0x4  startup_stm32f40xx.o [1]
  .text              ro code   0x800'4070     0x4  startup_stm32f40xx.o [1]
  .text              ro code   0x800'4074     0x4  startup_stm32f40xx.o [1]
  .text              ro code   0x800'4078     0x4  startup_stm32f40xx.o [1]
  .text              ro code   0x800'407c     0x4  startup_stm32f40xx.o [1]
  .text              ro code   0x800'4080     0x4  startup_stm32f40xx.o [1]
  .text              ro code   0x800'4084     0x4  startup_stm32f40xx.o [1]
  .text              ro code   0x800'4088     0x4  startup_stm32f40xx.o [1]
  .text              ro code   0x800'408c     0x4  startup_stm32f40xx.o [1]
  .text              ro code   0x800'4090     0x4  startup_stm32f40xx.o [1]
  .text              ro code   0x800'4094     0x4  startup_stm32f40xx.o [1]
  .text              ro code   0x800'4098     0x4  startup_stm32f40xx.o [1]
  .rodata            const     0x800'409c     0x0  zero_init3.o [4]
  .rodata            const     0x800'409c     0x0  copy_init3.o [4]
  Initializer bytes  const     0x800'409c     0xc  <for P4 s0>
                             - 0x800'40a8  0x3f20

"P3":                                      0x2000
  CSTACK                      0x1000'0000  0x2000  <Block>
    CSTACK           uninit   0x1000'0000  0x2000  <Block tail>
                            - 0x1000'2000  0x2000

"P4", part 1 of 2:                            0xc
  P4 s0                       0x2000'0000     0xc  <Init block>
    .data            inited   0x2000'0000     0x8  XShttio.o [2]
    .data            inited   0x2000'0008     0x1  sdioBsp.o [1]
                            - 0x2000'000c     0xc

"P4", part 2 of 2:                           0xd8
  .bss               zero     0x2000'0010    0x58  sdioBsp.o [1]
  .bss               zero     0x2000'0068    0x18  sdioBsp.o [1]
  .bss               zero     0x2000'0080    0x18  sdioBsp.o [1]
  .bss               zero     0x2000'0098    0x14  sdioBsp.o [1]
  .bss               zero     0x2000'00ac    0x10  sdioBsp.o [1]
  .bss               zero     0x2000'00bc    0x10  sdioBsp.o [1]
  .bss               zero     0x2000'00cc     0x4  sdioBsp.o [1]
  .bss               zero     0x2000'00d0     0x4  xfail_s.o [2]
  .bss               zero     0x2000'00d4     0x2  captureBsp.o [1]
  .bss               zero     0x2000'00d6     0x2  timBsp.o [1]
  .bss               zero     0x2000'00d8     0x1  captureBsp.o [1]
  .bss               zero     0x2000'00d9     0x1  dmaBsp.o [1]
  .bss               zero     0x2000'00da     0x1  extiBsp.o [1]
  .bss               zero     0x2000'00db     0x1  main.o [1]
  .bss               zero     0x2000'00dc     0x1  pwmBsp.o [1]
  .bss               zero     0x2000'00dd     0x1  sdioBsp.o [1]
  .bss               zero     0x2000'00de     0x1  sdioBsp.o [1]
  .bss               zero     0x2000'00df     0x1  sdioBsp.o [1]
  .bss               zero     0x2000'00e0     0x1  sdioBsp.o [1]
  .bss               zero     0x2000'00e1     0x1  timBsp.o [1]
  .bss               zero     0x2000'00e2     0x1  XShttio.o [2]
                            - 0x2000'00e3    0xd7

Unused ranges:

         From           To      Size
         ----           --      ----
   0x800'40a8   0x80f'ffff  0xf'bf58
  0x1000'2000  0x1000'ffff    0xe000
  0x2000'00e4  0x2001'bfff  0x1'bf1c
  0x2001'c000  0x2001'ffff    0x4000


*******************************************************************************
*** INIT TABLE
***

          Address      Size
          -------      ----
Zero (__iar_zero_init3)
    1 destination range, total size 0xd3:
          0x2000'0010  0xd3

Copy (__iar_copy_init3)
    1 source range, total size 0xc (133% of destination):
           0x800'409c   0xc
    1 destination range, total size 0x9:
          0x2000'0000   0x9



*******************************************************************************
*** MODULE SUMMARY
***

    Module                ro code  ro data  rw data
    ------                -------  -------  -------
command line/config:
    -----------------------------------------------
    Total:

E:\iar_project\stm32f407_reg\Debug\Obj: [1]
    canBsp.o                  180
    captureBsp.o               76                 3
    dmaBsp.o                   32                 1
    extiBsp.o                  36                 1
    gpioBsp.o                  56
    main.o                     60       20        1
    misc.o                    136
    pwmBsp.o                  256                 1
    rccBsp.o                  174
    sdioBsp.o               4 284      189      197
    startup_stm32f40xx.o      740
    stm32f4xx_can.o           748
    stm32f4xx_dma.o            48
    stm32f4xx_exti.o           36
    stm32f4xx_gpio.o          312
    stm32f4xx_rcc.o           488
    stm32f4xx_sdio.o          212
    stm32f4xx_tim.o           392
    stm32f4xx_usart.o          60
    system_stm32f4xx.o        292
    timBsp.o                   88                 3
    uartBsp.o                  56
    -----------------------------------------------
    Total:                  8 762      209      207

dl7M_tln.a: [2]
    XShttio.o                  60        8        9
    abort.o                     6
    exit.o                      4
    low_level_init.o            4
    printf.o                   40
    putchar.o                  32
    xfail_s.o                  64                 4
    xprintffull_nomb.o      3 622
    xprout.o                   22
    -----------------------------------------------
    Total:                  3 854        8       13

m7M_tls.a: [3]
    DblAdd.o                  362
    DblCmpGe.o                 46
    DblCmpLe.o                 46
    DblDiv.o                  582
    DblMul.o                  418
    DblSub.o                  226
    DblToS32.o                 58
    DblToU32.o                 40
    S32ToDbl.o                 34
    U32ToDbl.o                 26
    fpinit_M.o                 34
    frexp.o                   112
    ldexp.o                   314
    -----------------------------------------------
    Total:                  2 298

rt7M_tl.a: [4]
    ABImemcpy.o               166
    I64DivMod.o               560
    I64DivZer.o                 2
    cexit.o                    10
    cmain.o                    30
    copy_init3.o               44
    cstartup_M.o               12
    data_init.o                40
    memchr.o                   88
    strchr.o                   22
    strlen.o                   54
    zero_init3.o               58
    -----------------------------------------------
    Total:                  1 086

shb_l.a: [5]
    dwrite.o                   30
    exit.o                     20
    iarttio.o                 128
    iarwrite.o                 34
    iarwstd.o                  32
    write.o                    16
    -----------------------------------------------
    Total:                    260

    Gaps                       32        4        4
    Linker created                      39    8 192
---------------------------------------------------
    Grand Total:           16 292      260    8 416


*******************************************************************************
*** ENTRY LIST
***

Entry                       Address   Size  Type      Object
-----                       -------   ----  ----      ------
.iar.init_table$$Base    0x800'3d64          --   Gb  - Linker created -
.iar.init_table$$Limit   0x800'3d88          --   Gb  - Linker created -
?main                    0x800'3e19         Code  Gb  cmain.o [4]
CAN1_RX0_IRQHandler      0x800'3965   0x1c  Code  Gb  canBsp.o [1]
CAN1_Send_Msg            0x800'3981   0x92  Code  Gb  canBsp.o [1]
CAN_Receive              0x800'3499  0x106  Code  Gb  stm32f4xx_can.o [1]
CAN_Transmit             0x800'32cd  0x13e  Code  Gb  stm32f4xx_can.o [1]
CAN_TransmitStatus       0x800'340b   0x8e  Code  Gb  stm32f4xx_can.o [1]
CID_Tab                 0x2000'00bc   0x10  Data  Lc  sdioBsp.o [1]
CSD_Tab                 0x2000'00ac   0x10  Data  Lc  sdioBsp.o [1]
CSTACK$$Base            0x1000'0000          --   Gb  - Linker created -
CSTACK$$Limit           0x1000'2000          --   Gb  - Linker created -
CardType                0x2000'00dd    0x1  Data  Lc  sdioBsp.o [1]
CmdError                 0x800'0da5   0x30  Code  Gb  sdioBsp.o [1]
CmdResp1Error            0x800'0e1d   0x60  Code  Gb  sdioBsp.o [1]
CmdResp2Error            0x800'0ead   0x56  Code  Gb  sdioBsp.o [1]
CmdResp3Error            0x800'0e7d   0x30  Code  Gb  sdioBsp.o [1]
CmdResp6Error            0x800'0f03   0x8e  Code  Gb  sdioBsp.o [1]
CmdResp7Error            0x800'0dd5   0x48  Code  Gb  sdioBsp.o [1]
DMA2_Stream1_IRQHandler
                         0x800'3d89   0x14  Code  Gb  dmaBsp.o [1]
DMA_ClearFlag            0x800'3c55   0x20  Code  Gb  stm32f4xx_dma.o [1]
DeviceMode              0x2000'0008    0x1  Data  Lc  sdioBsp.o [1]
EXTI0_IRQHandler         0x800'3cd9   0x1c  Code  Gb  extiBsp.o [1]
EXTI_ClearITPendingBit   0x800'3d13    0x6  Code  Gb  stm32f4xx_exti.o [1]
EXTI_GetITStatus         0x800'3cfd   0x16  Code  Gb  stm32f4xx_exti.o [1]
FindSCR                  0x800'1055  0x1bc  Code  Gb  sdioBsp.o [1]
GPIO_Config              0x800'3ba9   0x38  Code  Gb  gpioBsp.o [1]
GPIO_Init                0x800'1455   0xca  Code  Gb  stm32f4xx_gpio.o [1]
GPIO_PinAFConfig         0x800'152b   0x62  Code  Gb  stm32f4xx_gpio.o [1]
GPIO_ToggleBits          0x800'151f    0xc  Code  Gb  stm32f4xx_gpio.o [1]
HSI_SetSysClock          0x800'3a19   0x8c  Code  Gb  rccBsp.o [1]
LoadInt                  0x800'1897   0x7a  Code  Lc  xprintffull_nomb.o [2]
NVIC_Init                0x800'1597   0x68  Code  Gb  misc.o [1]
NVIC_PriorityGroupConfig
                         0x800'158d    0xa  Code  Gb  misc.o [1]
PWM_Config               0x800'3865   0xc4  Code  Gb  pwmBsp.o [1]
RCA                     0x2000'00cc    0x4  Data  Lc  sdioBsp.o [1]
RCC_AHB1PeriphClockCmd   0x800'1353   0x1c  Code  Gb  stm32f4xx_rcc.o [1]
RCC_APB1PeriphClockCmd   0x800'136f   0x1c  Code  Gb  stm32f4xx_rcc.o [1]
RCC_APB2PeriphClockCmd   0x800'138b   0x1c  Code  Gb  stm32f4xx_rcc.o [1]
RCC_APB2PeriphResetCmd   0x800'13a7   0x1c  Code  Gb  stm32f4xx_rcc.o [1]
RCC_Config               0x800'3ab5   0x12  Code  Gb  rccBsp.o [1]
RCC_DeInit               0x800'126d   0x56  Code  Gb  stm32f4xx_rcc.o [1]
RCC_GetFlagStatus        0x800'13c3   0x46  Code  Gb  stm32f4xx_rcc.o [1]
RCC_GetSYSCLKSource      0x800'130f    0xc  Code  Gb  stm32f4xx_rcc.o [1]
RCC_HCLKConfig           0x800'131b   0x12  Code  Gb  stm32f4xx_rcc.o [1]
RCC_HSICmd               0x800'12c3    0xc  Code  Gb  stm32f4xx_rcc.o [1]
RCC_PCLK1Config          0x800'132d   0x12  Code  Gb  stm32f4xx_rcc.o [1]
RCC_PCLK2Config          0x800'133f   0x14  Code  Gb  stm32f4xx_rcc.o [1]
RCC_PLLCmd               0x800'12f1    0xc  Code  Gb  stm32f4xx_rcc.o [1]
RCC_PLLConfig            0x800'12cf   0x22  Code  Gb  stm32f4xx_rcc.o [1]
RCC_SYSCLKConfig         0x800'12fd   0x12  Code  Gb  stm32f4xx_rcc.o [1]
Region$$Table$$Base      0x800'3d64          --   Gb  - Linker created -
Region$$Table$$Limit     0x800'3d88          --   Gb  - Linker created -
SDCardInfo              0x2000'0010   0x58  Data  Gb  sdioBsp.o [1]
SDEnWideBus              0x800'0f91   0xbe  Code  Gb  sdioBsp.o [1]
SDIO_ClearFlag           0x800'16bb    0x6  Code  Gb  stm32f4xx_sdio.o [1]
SDIO_Clock_Set           0x800'03ab   0x14  Code  Gb  sdioBsp.o [1]
SDIO_CmdInitStructure   0x2000'0098   0x14  Data  Gb  sdioBsp.o [1]
SDIO_DataConfig          0x800'1677   0x2e  Code  Gb  stm32f4xx_sdio.o [1]
SDIO_DataInitStructure  0x2000'0080   0x18  Data  Gb  sdioBsp.o [1]
SDIO_GetFlagStatus       0x800'16a5   0x16  Code  Gb  stm32f4xx_sdio.o [1]
SDIO_GetPowerState       0x800'1645    0xa  Code  Gb  stm32f4xx_sdio.o [1]
SDIO_IRQHandler          0x800'0c4d    0x8  Code  Gb  sdioBsp.o [1]
SDIO_Init                0x800'1615   0x2a  Code  Gb  stm32f4xx_sdio.o [1]
SDIO_InitStructure      0x2000'0068   0x18  Data  Gb  sdioBsp.o [1]
SDIO_Register_Deinit     0x800'0203   0x4c  Code  Gb  sdioBsp.o [1]
SDIO_SendCommand         0x800'164f   0x28  Code  Gb  stm32f4xx_sdio.o [1]
SDIO_SetPowerState       0x800'163f    0x6  Code  Gb  stm32f4xx_sdio.o [1]
SD_EnableWideBusOperation
                         0x800'0b1f   0x60  Code  Gb  sdioBsp.o [1]
SD_GetCardInfo           0x800'075f  0x3c0  Code  Gb  sdioBsp.o [1]
SD_Init                  0x800'024f  0x15c  Code  Gb  sdioBsp.o [1]
SD_InitializeCards       0x800'05ef  0x170  Code  Gb  sdioBsp.o [1]
SD_PowerON               0x800'03bf  0x230  Code  Gb  sdioBsp.o [1]
SD_ProcessIRQSrc         0x800'0c55  0x150  Code  Gb  sdioBsp.o [1]
SD_SelectDeselect        0x800'0b9b   0x26  Code  Gb  sdioBsp.o [1]
SD_SetDeviceMode         0x800'0b7f   0x1c  Code  Gb  sdioBsp.o [1]
SetSysClock              0x800'3787   0xaa  Code  Lc  system_stm32f4xx.o [1]
StopCondition           0x2000'00de    0x1  Data  Lc  sdioBsp.o [1]
SystemInit               0x800'3741   0x46  Code  Gb  system_stm32f4xx.o [1]
TIM1_UP_TIM10_IRQHandler
                         0x800'3ac9   0x44  Code  Gb  timBsp.o [1]
TIM1_UP_TIM10_IRQHandler::cnt
                        0x2000'00d6    0x2  Data  Lc  timBsp.o [1]
TIM1_UP_TIM10_IRQHandler::res
                        0x2000'00e1    0x1  Data  Lc  timBsp.o [1]
TIM2_IRQHandler          0x800'3b21   0x44  Code  Gb  captureBsp.o [1]
TIM2_IRQHandler::cnt    0x2000'00d4    0x2  Data  Lc  captureBsp.o [1]
TIM2_IRQHandler::res    0x2000'00d8    0x1  Data  Lc  captureBsp.o [1]
TIM3_IRQHandler          0x800'3929   0x2c  Code  Gb  pwmBsp.o [1]
TIM3_IRQHandler::res    0x2000'00dc    0x1  Data  Lc  pwmBsp.o [1]
TIM_ClearITPendingBit    0x800'3737    0xa  Code  Gb  stm32f4xx_tim.o [1]
TIM_Cmd                  0x800'3623   0x1e  Code  Gb  stm32f4xx_tim.o [1]
TIM_GetITStatus          0x800'3709   0x2e  Code  Gb  stm32f4xx_tim.o [1]
TIM_ITConfig             0x800'36f1   0x18  Code  Gb  stm32f4xx_tim.o [1]
TIM_OC1Init              0x800'3641   0x7a  Code  Gb  stm32f4xx_tim.o [1]
TIM_OC1PreloadConfig     0x800'36dd   0x14  Code  Gb  stm32f4xx_tim.o [1]
TIM_SetCompare1          0x800'36d9    0x4  Code  Gb  stm32f4xx_tim.o [1]
TIM_TimeBaseInit         0x800'35b9   0x6a  Code  Gb  stm32f4xx_tim.o [1]
TransferEnd             0x2000'00e0    0x1  Data  Gb  sdioBsp.o [1]
TransferError           0x2000'00df    0x1  Data  Gb  sdioBsp.o [1]
USART1_IRQHandler        0x800'3c1d   0x32  Code  Gb  uartBsp.o [1]
USART_ClearFlag          0x800'3c0d   0x10  Code  Gb  stm32f4xx_usart.o [1]
USART_GetFlagStatus      0x800'3bf1   0x1c  Code  Gb  stm32f4xx_usart.o [1]
USART_ReceiveData        0x800'3be9    0x8  Code  Gb  stm32f4xx_usart.o [1]
USART_SendData           0x800'3be1    0x8  Code  Gb  stm32f4xx_usart.o [1]
_GenldFullNoMb           0x800'220d  0x274  Code  Lc  xprintffull_nomb.o [2]
_LdtobFullNoMb           0x800'1de1  0x400  Code  Lc  xprintffull_nomb.o [2]
_LitobFullNoMb           0x800'1c89  0x112  Code  Lc  xprintffull_nomb.o [2]
_PrintfFullNoMb          0x800'16e9  0x19e  Code  Gb  xprintffull_nomb.o [2]
_Prout                   0x800'3ef9   0x16  Code  Gb  xprout.o [2]
_PutcharsFullNoMb        0x800'2481   0x2e  Code  Lc  xprintffull_nomb.o [2]
_PutfldFullNoMb          0x800'1911  0x26c  Code  Lc  xprintffull_nomb.o [2]
_PuttxtFullNoMb          0x800'1b7d  0x10c  Code  Lc  xprintffull_nomb.o [2]
__aeabi_cdcmple          0x800'2b1d         Code  Gb  DblCmpLe.o [3]
__aeabi_cdrcmple         0x800'2b4d         Code  Gb  DblCmpGe.o [3]
__aeabi_d2iz             0x800'2cb9         Code  Gb  DblToS32.o [3]
__aeabi_d2uiz            0x800'3045         Code  Gb  DblToU32.o [3]
__aeabi_ddiv             0x800'2dfd         Code  Gb  DblDiv.o [3]
__aeabi_dmul             0x800'2861         Code  Gb  DblMul.o [3]
__aeabi_dsub             0x800'2d19         Code  Gb  DblSub.o [3]
__aeabi_i2d              0x800'2cf5         Code  Gb  S32ToDbl.o [3]
__aeabi_ldiv0            0x800'308d         Code  Gb  I64DivZer.o [4]
__aeabi_memcpy           0x800'2a05         Code  Gb  ABImemcpy.o [4]
__aeabi_memcpy4          0x800'2a25         Code  Gb  ABImemcpy.o [4]
__aeabi_memcpy8          0x800'2a25         Code  Gb  ABImemcpy.o [4]
__aeabi_ui2d             0x800'306d         Code  Gb  U32ToDbl.o [3]
__aeabi_uldivmod         0x800'2631         Code  Gb  I64DivMod.o [4]
__cmain                  0x800'3e19         Code  Gb  cmain.o [4]
__dwrite                 0x800'3dd9   0x1e  Code  Gb  dwrite.o [5]
__exit                   0x800'31fd   0x14  Code  Gb  exit.o [5]
__iar_Fail_s             0x800'2561   0x1c  Code  Gb  xfail_s.o [2]
__iar_Memchr             0x800'25d9         Code  Gb  memchr.o [4]
__iar_Strchr             0x800'2549         Code  Gb  strchr.o [4]
__iar_close_ttio         0x800'3211   0x2e  Code  Gb  iarttio.o [5]
__iar_copy_init3         0x800'3c85   0x2c  Code  Gb  copy_init3.o [4]
__iar_dadd               0x800'2d29         Code  Gb  DblSub.o [3]
__iar_data_init3         0x800'3cb1   0x28  Code  Gb  data_init.o [4]
__iar_dsub               0x800'3091         Code  Gb  DblAdd.o [3]
__iar_dsubStart          0x800'30a3         Code  Gb  DblAdd.o [3]
__iar_frexp              0x800'2ab9         Code  Gb  frexp.o [3]
__iar_frexpl             0x800'2ab9         Code  Gb  frexp.o [3]
__iar_get_ttio           0x800'3241   0x4c  Code  Gb  iarttio.o [5]
__iar_init_vfp           0x800'3d21         Code  Gb  fpinit_M.o [3]
__iar_ldexp64            0x800'2b7d         Code  Gb  ldexp.o [3]
__iar_lookup_ttioh       0x800'32bf    0x4  Code  Gb  XShttio.o [2]
__iar_program_start      0x800'3f45         Code  Gb  cstartup_M.o [4]
__iar_scalbln64          0x800'2b7d         Code  Gb  ldexp.o [3]
__iar_scalbn64           0x800'2b7d         Code  Gb  ldexp.o [3]
__iar_sh_stdout          0x800'3df7   0x20  Code  Gb  iarwstd.o [5]
__iar_sh_write           0x800'3d43   0x22  Code  Gb  iarwrite.o [5]
__iar_softfp___iar_frexp64
                         0x800'2aad         Code  Gb  frexp.o [3]
__iar_softfp_frexp       0x800'2aad         Code  Gb  frexp.o [3]
__iar_softfp_frexpl      0x800'2aad         Code  Gb  frexp.o [3]
__iar_ttio_guard_lock    0x800'3291   0x1e  Code  Gb  XShttio.o [2]
__iar_ttio_guard_unlock
                         0x800'32af   0x10  Code  Gb  XShttio.o [2]
__iar_ttio_handles      0x2000'0000    0x8  Data  Lc  XShttio.o [2]
__iar_zero_init3         0x800'250f   0x3a  Code  Gb  zero_init3.o [4]
__low_level_init         0x800'3e37    0x4  Code  Gb  low_level_init.o [2]
__vector_table           0x800'0000         Data  Gb  startup_stm32f40xx.o [1]
__write                  0x800'3dc9   0x10  Code  Gb  write.o [5]
_call_main               0x800'3e25         Code  Gb  cmain.o [4]
_exit                    0x800'3e41         Code  Gb  cexit.o [4]
_main                    0x800'3e33         Code  Gb  cmain.o [4]
abort                    0x800'3087    0x6  Code  Gb  abort.o [2]
b                       0x2000'00db    0x1  Data  Gb  main.o [1]
cnt                     0x2000'00d9    0x1  Data  Gb  dmaBsp.o [1]
exit                     0x800'3e3b    0x4  Code  Gb  exit.o [2]
ldexp                    0x800'2b7d         Code  Gb  ldexp.o [3]
ldexpl                   0x800'2b7d         Code  Gb  ldexp.o [3]
main                     0x800'3b6d   0x3c  Code  Gb  main.o [1]
memchr                   0x800'25d9         Code  Gb  memchr.o [4]
printf                   0x800'1245   0x28  Code  Gb  printf.o [2]
putchar                  0x800'3da9   0x20  Code  Gb  putchar.o [2]
scalbln                  0x800'2b7d         Code  Gb  ldexp.o [3]
scalblnl                 0x800'2b7d         Code  Gb  ldexp.o [3]
scalbn                   0x800'2b7d         Code  Gb  ldexp.o [3]
scalbnl                  0x800'2b7d         Code  Gb  ldexp.o [3]
scale                    0x800'1d9b   0x46  Code  Lc  xprintffull_nomb.o [2]
sec_hand                0x2000'00d0    0x4  Data  Lc  xfail_s.o [2]
show_sdcard_info         0x800'0189   0x7a  Code  Gb  sdioBsp.o [1]
strchr                   0x800'2549         Code  Gb  strchr.o [4]
strlen                   0x800'25a1         Code  Gb  strlen.o [4]
temp                    0x2000'00da    0x1  Data  Gb  extiBsp.o [1]
ttio_guard              0x2000'00e2    0x1  Data  Lc  XShttio.o [2]


[1] = E:\iar_project\stm32f407_reg\Debug\Obj
[2] = dl7M_tln.a
[3] = m7M_tls.a
[4] = rt7M_tl.a
[5] = shb_l.a

  16 292 bytes of readonly  code memory
     260 bytes of readonly  data memory
   8 416 bytes of readwrite data memory

Errors: none
Warnings: none
