###############################################################################
#
# IAR ELF Linker V8.30.1.114/W32 for ARM                  16/Mar/2021  16:25:51
# Copyright 2007-2018 IAR Systems AB.
#
#    Output file  =  E:\iar_project\stm32f407_reg\Debug\Exe\stm32f407_reg.out
#    Map file     =  E:\iar_project\stm32f407_reg\Debug\List\stm32f407_reg.map
#    Command line =  
#        -f C:\Users\ADMINI~1\AppData\Local\Temp\EW9EB7.tmp
#        (E:\iar_project\stm32f407_reg\Debug\Obj\canBsp.o
#        E:\iar_project\stm32f407_reg\Debug\Obj\captureBsp.o
#        E:\iar_project\stm32f407_reg\Debug\Obj\diskio.o
#        E:\iar_project\stm32f407_reg\Debug\Obj\dmaBsp.o
#        E:\iar_project\stm32f407_reg\Debug\Obj\extiBsp.o
#        E:\iar_project\stm32f407_reg\Debug\Obj\ff.o
#        E:\iar_project\stm32f407_reg\Debug\Obj\gpioBsp.o
#        E:\iar_project\stm32f407_reg\Debug\Obj\iwdgBsp.o
#        E:\iar_project\stm32f407_reg\Debug\Obj\main.o
#        E:\iar_project\stm32f407_reg\Debug\Obj\misc.o
#        E:\iar_project\stm32f407_reg\Debug\Obj\os_core.o
#        E:\iar_project\stm32f407_reg\Debug\Obj\os_cpu_a.o
#        E:\iar_project\stm32f407_reg\Debug\Obj\os_cpu_c.o
#        E:\iar_project\stm32f407_reg\Debug\Obj\os_dbg.o
#        E:\iar_project\stm32f407_reg\Debug\Obj\os_flag.o
#        E:\iar_project\stm32f407_reg\Debug\Obj\os_mbox.o
#        E:\iar_project\stm32f407_reg\Debug\Obj\os_mem.o
#        E:\iar_project\stm32f407_reg\Debug\Obj\os_mutex.o
#        E:\iar_project\stm32f407_reg\Debug\Obj\os_q.o
#        E:\iar_project\stm32f407_reg\Debug\Obj\os_sem.o
#        E:\iar_project\stm32f407_reg\Debug\Obj\os_task.o
#        E:\iar_project\stm32f407_reg\Debug\Obj\os_time.o
#        E:\iar_project\stm32f407_reg\Debug\Obj\os_tmr.o
#        E:\iar_project\stm32f407_reg\Debug\Obj\pwmBsp.o
#        E:\iar_project\stm32f407_reg\Debug\Obj\rccBsp.o
#        E:\iar_project\stm32f407_reg\Debug\Obj\sdioBsp.o
#        E:\iar_project\stm32f407_reg\Debug\Obj\startup_stm32f40xx.o
#        E:\iar_project\stm32f407_reg\Debug\Obj\stm32f4xx_adc.o
#        E:\iar_project\stm32f407_reg\Debug\Obj\stm32f4xx_can.o
#        E:\iar_project\stm32f407_reg\Debug\Obj\stm32f4xx_cec.o
#        E:\iar_project\stm32f407_reg\Debug\Obj\stm32f4xx_crc.o
#        E:\iar_project\stm32f407_reg\Debug\Obj\stm32f4xx_cryp.o
#        E:\iar_project\stm32f407_reg\Debug\Obj\stm32f4xx_cryp_aes.o
#        E:\iar_project\stm32f407_reg\Debug\Obj\stm32f4xx_cryp_des.o
#        E:\iar_project\stm32f407_reg\Debug\Obj\stm32f4xx_cryp_tdes.o
#        E:\iar_project\stm32f407_reg\Debug\Obj\stm32f4xx_dac.o
#        E:\iar_project\stm32f407_reg\Debug\Obj\stm32f4xx_dbgmcu.o
#        E:\iar_project\stm32f407_reg\Debug\Obj\stm32f4xx_dcmi.o
#        E:\iar_project\stm32f407_reg\Debug\Obj\stm32f4xx_dfsdm.o
#        E:\iar_project\stm32f407_reg\Debug\Obj\stm32f4xx_dma.o
#        E:\iar_project\stm32f407_reg\Debug\Obj\stm32f4xx_dma2d.o
#        E:\iar_project\stm32f407_reg\Debug\Obj\stm32f4xx_dsi.o
#        E:\iar_project\stm32f407_reg\Debug\Obj\stm32f4xx_exti.o
#        E:\iar_project\stm32f407_reg\Debug\Obj\stm32f4xx_flash.o
#        E:\iar_project\stm32f407_reg\Debug\Obj\stm32f4xx_flash_ramfunc.o
#        E:\iar_project\stm32f407_reg\Debug\Obj\stm32f4xx_fmpi2c.o
#        E:\iar_project\stm32f407_reg\Debug\Obj\stm32f4xx_fsmc.o
#        E:\iar_project\stm32f407_reg\Debug\Obj\stm32f4xx_gpio.o
#        E:\iar_project\stm32f407_reg\Debug\Obj\stm32f4xx_hash.o
#        E:\iar_project\stm32f407_reg\Debug\Obj\stm32f4xx_hash_md5.o
#        E:\iar_project\stm32f407_reg\Debug\Obj\stm32f4xx_hash_sha1.o
#        E:\iar_project\stm32f407_reg\Debug\Obj\stm32f4xx_i2c.o
#        E:\iar_project\stm32f407_reg\Debug\Obj\stm32f4xx_it.o
#        E:\iar_project\stm32f407_reg\Debug\Obj\stm32f4xx_iwdg.o
#        E:\iar_project\stm32f407_reg\Debug\Obj\stm32f4xx_lptim.o
#        E:\iar_project\stm32f407_reg\Debug\Obj\stm32f4xx_ltdc.o
#        E:\iar_project\stm32f407_reg\Debug\Obj\stm32f4xx_pwr.o
#        E:\iar_project\stm32f407_reg\Debug\Obj\stm32f4xx_qspi.o
#        E:\iar_project\stm32f407_reg\Debug\Obj\stm32f4xx_rcc.o
#        E:\iar_project\stm32f407_reg\Debug\Obj\stm32f4xx_rng.o
#        E:\iar_project\stm32f407_reg\Debug\Obj\stm32f4xx_rtc.o
#        E:\iar_project\stm32f407_reg\Debug\Obj\stm32f4xx_sai.o
#        E:\iar_project\stm32f407_reg\Debug\Obj\stm32f4xx_sdio.o
#        E:\iar_project\stm32f407_reg\Debug\Obj\stm32f4xx_spdifrx.o
#        E:\iar_project\stm32f407_reg\Debug\Obj\stm32f4xx_spi.o
#        E:\iar_project\stm32f407_reg\Debug\Obj\stm32f4xx_syscfg.o
#        E:\iar_project\stm32f407_reg\Debug\Obj\stm32f4xx_tim.o
#        E:\iar_project\stm32f407_reg\Debug\Obj\stm32f4xx_usart.o
#        E:\iar_project\stm32f407_reg\Debug\Obj\stm32f4xx_wwdg.o
#        E:\iar_project\stm32f407_reg\Debug\Obj\system_stm32f4xx.o
#        E:\iar_project\stm32f407_reg\Debug\Obj\systickBsp.o
#        E:\iar_project\stm32f407_reg\Debug\Obj\timBsp.o
#        E:\iar_project\stm32f407_reg\Debug\Obj\uartBsp.o --no_out_extension -o
#        E:\iar_project\stm32f407_reg\Debug\Exe\stm32f407_reg.out --redirect
#        _Printf=_PrintfFullNoMb --redirect _Scanf=_ScanfFullNoMb --map
#        E:\iar_project\stm32f407_reg\Debug\List\stm32f407_reg.map --config
#        "D:\Program Files (x86)\IAR Systems\Embedded Workbench
#        8.1\arm\config\linker\ST\stm32f407xG.icf" --semihosting --entry
#        __iar_program_start --vfe --text_out locale)
#
###############################################################################

*******************************************************************************
*** MESSAGES
***

Error[Li006]: duplicate definitions for "PendSV_Handler"; in
          "E:\iar_project\stm32f407_reg\Debug\Obj\os_cpu_c.o", and
          "E:\iar_project\stm32f407_reg\Debug\Obj\stm32f4xx_it.o"
Error[Li006]: duplicate definitions for "SysTick_Handler"; in
          "E:\iar_project\stm32f407_reg\Debug\Obj\os_cpu_c.o", and
          "E:\iar_project\stm32f407_reg\Debug\Obj\stm32f4xx_it.o"


*******************************************************************************
*** RUNTIME MODEL ATTRIBUTES
***

CppFlavor       = *
__SystemLibrary = DLib
__dlib_version  = 6


*******************************************************************************
*** HEAP SELECTION
***

The basic heap was selected because no calls to memory allocation
functions were found in the application outside of system library
functions, and there are calls to deallocation functions in the
application.


*******************************************************************************
*** PLACEMENT SUMMARY
***

"A0":  place at 0x800'0000 { ro section .intvec };
"P1":  place in [from 0x800'0000 to 0x80f'ffff] { ro };
define block CSTACK with size = 8K, alignment = 8 { };
"P3":  place in [from 0x1000'0000 to 0x1000'ffff] {
          block CSTACK, section .ccram };
define block HEAP with size = 8K, alignment = 8 { };
"P4":  place in [from 0x2000'0000 to 0x2001'bfff] |
                [from 0x2001'c000 to 0x2001'ffff] { rw, block HEAP };
initialize by copy { rw };

No sections matched the following patterns:

  ro section application_specific_ro  in "P2"
  section .backup_sram                in "P5"
  section .ccram                      in "P3"


  Section            Kind         Address    Size  Object
  -------            ----         -------    ----  ------
"A0":                                       0x188
  .intvec            ro code   0x800'0000   0x188  startup_stm32f40xx.o [1]
                             - 0x800'0188   0x188

"P1":                                      0x1210
  .text              ro code   0x800'0188   0x2ec  stm32f4xx_can.o [1]
  .text              ro code   0x800'0474   0x1e0  sdioBsp.o [1]
  .text              ro code   0x800'0654    0x54  stm32f4xx_sdio.o [1]
  .text              ro code   0x800'06a8   0x1b8  os_core.o [1]
  CODE               ro code   0x800'0860    0xd8  os_cpu_a.o [1]
  .text              ro code   0x800'0938    0x68  os_cpu_c.o [1]
  .text              ro code   0x800'09a0   0x124  system_stm32f4xx.o [1]
  .rodata            const     0x800'0ac4   0x100  os_core.o [1]
  .text              ro code   0x800'0bc4    0xd6  stm32f4xx_gpio.o [1]
  .text              ro code   0x800'0c9a    0x3a  zero_init3.o [4]
  .text              ro code   0x800'0cd4    0xb4  canBsp.o [1]
  .text              ro code   0x800'0d88    0x7a  systickBsp.o [1]
  .rodata            const     0x800'0e02     0x2  os_dbg.o [1]
  .text              ro code   0x800'0e04    0x58  timBsp.o [1]
  .text              ro code   0x800'0e5c    0x38  stm32f4xx_tim.o [1]
  .text              ro code   0x800'0e94    0x4c  captureBsp.o [1]
  .text              ro code   0x800'0ee0    0x3c  stm32f4xx_usart.o [1]
  .text              ro code   0x800'0f1c    0x38  gpioBsp.o [1]
  .text              ro code   0x800'0f54    0x20  stm32f4xx_rcc.o [1]
  .text              ro code   0x800'0f74    0x38  pwmBsp.o [1]
  .text              ro code   0x800'0fac    0x38  uartBsp.o [1]
  .text              ro code   0x800'0fe4    0x30  stm32f4xx_dma.o [1]
  .text              ro code   0x800'1014    0x30  iarttio.o [5]
  .text              ro code   0x800'1044     0xc  XShttio.o [2]
  .text              ro code   0x800'1050    0x2c  copy_init3.o [4]
  .text              ro code   0x800'107c    0x28  data_init.o [4]
  .text              ro code   0x800'10a4    0x24  extiBsp.o [1]
  .text              ro code   0x800'10c8    0x24  stm32f4xx_exti.o [1]
  .text              ro code   0x800'10ec    0x22  fpinit_M.o [3]
  .iar.init_table    const     0x800'1110    0x24  - Linker created -
  .rodata            const     0x800'1134     0x2  os_dbg.o [1]
  .text              ro code   0x800'1138    0x20  dmaBsp.o [1]
  .text              ro code   0x800'1158    0x20  main.o [1]
  .text              ro code   0x800'1178    0x14  misc.o [1]
  .text              ro code   0x800'118c    0x1e  cmain.o [4]
  .text              ro code   0x800'11aa     0x4  low_level_init.o [2]
  .text              ro code   0x800'11ae     0x4  exit.o [2]
  .rodata            const     0x800'11b2     0x2  os_dbg.o [1]
  .text              ro code   0x800'11b4     0xa  cexit.o [4]
  .rodata            const     0x800'11be     0x2  os_dbg.o [1]
  .text              ro code   0x800'11c0    0x14  exit.o [5]
  .text              ro code   0x800'11d4    0x10  startup_stm32f40xx.o [1]
  .text              ro code   0x800'11e4     0xe  stm32f4xx_it.o [1]
  .text              ro code   0x800'11f2     0xc  cstartup_M.o [4]
  .rodata            const     0x800'11fe     0x2  os_dbg.o [1]
  .rodata            const     0x800'1200     0x4  os_dbg.o [1]
  .text              ro code   0x800'1204     0x4  startup_stm32f40xx.o [1]
  .text              ro code   0x800'1208     0x4  startup_stm32f40xx.o [1]
  .text              ro code   0x800'120c     0x4  startup_stm32f40xx.o [1]
  .text              ro code   0x800'1210     0x4  startup_stm32f40xx.o [1]
  .text              ro code   0x800'1214     0x4  startup_stm32f40xx.o [1]
  .text              ro code   0x800'1218     0x4  startup_stm32f40xx.o [1]
  .text              ro code   0x800'121c     0x4  startup_stm32f40xx.o [1]
  .text              ro code   0x800'1220     0x4  startup_stm32f40xx.o [1]
  .text              ro code   0x800'1224     0x4  startup_stm32f40xx.o [1]
  .text              ro code   0x800'1228     0x4  startup_stm32f40xx.o [1]
  .text              ro code   0x800'122c     0x4  startup_stm32f40xx.o [1]
  .text              ro code   0x800'1230     0x4  startup_stm32f40xx.o [1]
  .text              ro code   0x800'1234     0x4  startup_stm32f40xx.o [1]
  .text              ro code   0x800'1238     0x4  startup_stm32f40xx.o [1]
  .text              ro code   0x800'123c     0x4  startup_stm32f40xx.o [1]
  .text              ro code   0x800'1240     0x4  startup_stm32f40xx.o [1]
  .text              ro code   0x800'1244     0x4  startup_stm32f40xx.o [1]
  .text              ro code   0x800'1248     0x4  startup_stm32f40xx.o [1]
  .text              ro code   0x800'124c     0x4  startup_stm32f40xx.o [1]
  .text              ro code   0x800'1250     0x4  startup_stm32f40xx.o [1]
  .text              ro code   0x800'1254     0x4  startup_stm32f40xx.o [1]
  .text              ro code   0x800'1258     0x4  startup_stm32f40xx.o [1]
  .text              ro code   0x800'125c     0x4  startup_stm32f40xx.o [1]
  .text              ro code   0x800'1260     0x4  startup_stm32f40xx.o [1]
  .text              ro code   0x800'1264     0x4  startup_stm32f40xx.o [1]
  .text              ro code   0x800'1268     0x4  startup_stm32f40xx.o [1]
  .text              ro code   0x800'126c     0x4  startup_stm32f40xx.o [1]
  .text              ro code   0x800'1270     0x4  startup_stm32f40xx.o [1]
  .text              ro code   0x800'1274     0x4  startup_stm32f40xx.o [1]
  .text              ro code   0x800'1278     0x4  startup_stm32f40xx.o [1]
  .text              ro code   0x800'127c     0x4  startup_stm32f40xx.o [1]
  .text              ro code   0x800'1280     0x4  startup_stm32f40xx.o [1]
  .text              ro code   0x800'1284     0x4  startup_stm32f40xx.o [1]
  .text              ro code   0x800'1288     0x4  startup_stm32f40xx.o [1]
  .text              ro code   0x800'128c     0x4  startup_stm32f40xx.o [1]
  .text              ro code   0x800'1290     0x4  startup_stm32f40xx.o [1]
  .text              ro code   0x800'1294     0x4  startup_stm32f40xx.o [1]
  .text              ro code   0x800'1298     0x4  startup_stm32f40xx.o [1]
  .text              ro code   0x800'129c     0x4  startup_stm32f40xx.o [1]
  .text              ro code   0x800'12a0     0x4  startup_stm32f40xx.o [1]
  .text              ro code   0x800'12a4     0x4  startup_stm32f40xx.o [1]
  .text              ro code   0x800'12a8     0x4  startup_stm32f40xx.o [1]
  .text              ro code   0x800'12ac     0x4  startup_stm32f40xx.o [1]
  .text              ro code   0x800'12b0     0x4  startup_stm32f40xx.o [1]
  .text              ro code   0x800'12b4     0x4  startup_stm32f40xx.o [1]
  .text              ro code   0x800'12b8     0x4  startup_stm32f40xx.o [1]
  .text              ro code   0x800'12bc     0x4  startup_stm32f40xx.o [1]
  .text              ro code   0x800'12c0     0x4  startup_stm32f40xx.o [1]
  .text              ro code   0x800'12c4     0x4  startup_stm32f40xx.o [1]
  .text              ro code   0x800'12c8     0x4  startup_stm32f40xx.o [1]
  .text              ro code   0x800'12cc     0x4  startup_stm32f40xx.o [1]
  .text              ro code   0x800'12d0     0x4  startup_stm32f40xx.o [1]
  .text              ro code   0x800'12d4     0x4  startup_stm32f40xx.o [1]
  .text              ro code   0x800'12d8     0x4  startup_stm32f40xx.o [1]
  .text              ro code   0x800'12dc     0x4  startup_stm32f40xx.o [1]
  .text              ro code   0x800'12e0     0x4  startup_stm32f40xx.o [1]
  .text              ro code   0x800'12e4     0x4  startup_stm32f40xx.o [1]
  .text              ro code   0x800'12e8     0x4  startup_stm32f40xx.o [1]
  .text              ro code   0x800'12ec     0x4  startup_stm32f40xx.o [1]
  .text              ro code   0x800'12f0     0x4  startup_stm32f40xx.o [1]
  .text              ro code   0x800'12f4     0x4  startup_stm32f40xx.o [1]
  .text              ro code   0x800'12f8     0x4  startup_stm32f40xx.o [1]
  .text              ro code   0x800'12fc     0x4  startup_stm32f40xx.o [1]
  .text              ro code   0x800'1300     0x4  startup_stm32f40xx.o [1]
  .text              ro code   0x800'1304     0x4  startup_stm32f40xx.o [1]
  .text              ro code   0x800'1308     0x4  startup_stm32f40xx.o [1]
  .text              ro code   0x800'130c     0x4  startup_stm32f40xx.o [1]
  .text              ro code   0x800'1310     0x4  startup_stm32f40xx.o [1]
  .text              ro code   0x800'1314     0x4  startup_stm32f40xx.o [1]
  .text              ro code   0x800'1318     0x4  startup_stm32f40xx.o [1]
  .text              ro code   0x800'131c     0x4  startup_stm32f40xx.o [1]
  .text              ro code   0x800'1320     0x4  startup_stm32f40xx.o [1]
  .text              ro code   0x800'1324     0x4  startup_stm32f40xx.o [1]
  .text              ro code   0x800'1328     0x4  startup_stm32f40xx.o [1]
  .rodata            const     0x800'132c     0x2  os_dbg.o [1]
  .rodata            const     0x800'132e     0x2  os_dbg.o [1]
  .rodata            const     0x800'1330     0x2  os_dbg.o [1]
  .rodata            const     0x800'1332     0x2  os_dbg.o [1]
  .rodata            const     0x800'1334     0x2  os_dbg.o [1]
  .rodata            const     0x800'1336     0x2  os_dbg.o [1]
  .rodata            const     0x800'1338     0x2  os_dbg.o [1]
  .rodata            const     0x800'133a     0x2  os_dbg.o [1]
  .rodata            const     0x800'133c     0x2  os_dbg.o [1]
  .rodata            const     0x800'133e     0x2  os_dbg.o [1]
  .rodata            const     0x800'1340     0x2  os_dbg.o [1]
  .rodata            const     0x800'1342     0x2  os_dbg.o [1]
  .rodata            const     0x800'1344     0x2  os_dbg.o [1]
  .rodata            const     0x800'1346     0x2  os_dbg.o [1]
  .rodata            const     0x800'1348     0x2  os_dbg.o [1]
  .rodata            const     0x800'134a     0x2  os_dbg.o [1]
  .rodata            const     0x800'134c     0x2  os_dbg.o [1]
  .rodata            const     0x800'134e     0x2  os_dbg.o [1]
  .rodata            const     0x800'1350     0x2  os_dbg.o [1]
  .rodata            const     0x800'1352     0x2  os_dbg.o [1]
  .rodata            const     0x800'1354     0x2  os_dbg.o [1]
  .rodata            const     0x800'1356     0x2  os_dbg.o [1]
  .rodata            const     0x800'1358     0x2  os_dbg.o [1]
  .rodata            const     0x800'135a     0x2  os_dbg.o [1]
  .rodata            const     0x800'135c     0x2  os_dbg.o [1]
  .rodata            const     0x800'135e     0x2  os_dbg.o [1]
  .rodata            const     0x800'1360     0x2  os_dbg.o [1]
  .rodata            const     0x800'1362     0x2  os_dbg.o [1]
  .rodata            const     0x800'1364     0x2  os_dbg.o [1]
  .rodata            const     0x800'1366     0x2  os_dbg.o [1]
  .rodata            const     0x800'1368     0x2  os_dbg.o [1]
  .rodata            const     0x800'136a     0x2  os_dbg.o [1]
  .rodata            const     0x800'136c     0x2  os_dbg.o [1]
  .rodata            const     0x800'136e     0x2  os_dbg.o [1]
  .rodata            const     0x800'1370     0x2  os_dbg.o [1]
  .rodata            const     0x800'1372     0x2  os_dbg.o [1]
  .rodata            const     0x800'1374     0x2  os_dbg.o [1]
  .rodata            const     0x800'1376     0x2  os_dbg.o [1]
  .rodata            const     0x800'1378     0x2  os_dbg.o [1]
  .rodata            const     0x800'137a     0x2  os_dbg.o [1]
  .rodata            const     0x800'137c     0x2  os_dbg.o [1]
  .rodata            const     0x800'137e     0x2  os_dbg.o [1]
  .rodata            const     0x800'1380     0x2  os_dbg.o [1]
  .rodata            const     0x800'1382     0x2  os_dbg.o [1]
  .rodata            const     0x800'1384     0x2  os_dbg.o [1]
  .rodata            const     0x800'1386     0x2  os_dbg.o [1]
  .rodata            const     0x800'1388     0x2  os_dbg.o [1]
  .rodata            const     0x800'138a     0x2  os_dbg.o [1]
  .rodata            const     0x800'138c     0x2  os_dbg.o [1]
  .rodata            const     0x800'138e     0x2  os_dbg.o [1]
  .rodata            const     0x800'1390     0x0  zero_init3.o [4]
  .rodata            const     0x800'1390     0x0  copy_init3.o [4]
  Initializer bytes  const     0x800'1390     0x8  <for P4 s0> (used: 0x0)
                             - 0x800'1398  0x1210

"P3":                                      0x2000
  CSTACK                      0x1000'0000  0x2000  <Block>
    CSTACK           uninit   0x1000'0000  0x2000  <Block tail>
                            - 0x1000'2000  0x2000

"P4", part 1 of 2:                            0x8
  P4 s0                       0x2000'0000     0x8  <Init block>
    .data            inited   0x2000'0000     0x8  XShttio.o [2]
                            - 0x2000'0008     0x8

"P4", part 2 of 2:                          0x148
  .bss               zero     0x2000'0008   0x100  os_core.o [1]
  .bss               zero     0x2000'0108    0x14  sdioBsp.o [1]
  .bss               zero     0x2000'011c     0x8  os_core.o [1]
  .bss               zero     0x2000'0124     0x4  os_core.o [1]
  .bss               zero     0x2000'0128     0x4  os_core.o [1]
  .bss               zero     0x2000'012c     0x4  os_core.o [1]
  .bss               zero     0x2000'0130     0x4  os_core.o [1]
  .bss               zero     0x2000'0134     0x4  os_core.o [1]
  .bss               zero     0x2000'0138     0x4  os_cpu_c.o [1]
  .bss               zero     0x2000'013c     0x2  captureBsp.o [1]
  .bss               zero     0x2000'013e     0x2  timBsp.o [1]
  .bss               zero     0x2000'0140     0x1  captureBsp.o [1]
  .bss               zero     0x2000'0141     0x1  dmaBsp.o [1]
  .bss               zero     0x2000'0142     0x1  extiBsp.o [1]
  .bss               zero     0x2000'0143     0x1  main.o [1]
  .bss               zero     0x2000'0144     0x1  os_core.o [1]
  .bss               zero     0x2000'0145     0x1  os_core.o [1]
  .bss               zero     0x2000'0146     0x1  os_core.o [1]
  .bss               zero     0x2000'0147     0x1  os_core.o [1]
  .bss               zero     0x2000'0148     0x1  os_core.o [1]
  .bss               zero     0x2000'0149     0x1  os_core.o [1]
  .bss               zero     0x2000'014a     0x1  os_core.o [1]
  .bss               zero     0x2000'014b     0x1  pwmBsp.o [1]
  .bss               zero     0x2000'014c     0x1  sdioBsp.o [1]
  .bss               zero     0x2000'014d     0x1  sdioBsp.o [1]
  .bss               zero     0x2000'014e     0x1  sdioBsp.o [1]
  .bss               zero     0x2000'014f     0x1  timBsp.o [1]
                            - 0x2000'0150   0x148

Unused ranges:

         From           To      Size
         ----           --      ----
   0x800'1398   0x80f'ffff  0xf'ec68
  0x1000'2000  0x1000'ffff    0xe000
  0x2000'0150  0x2001'bfff  0x1'beb0
  0x2001'c000  0x2001'ffff    0x4000


*******************************************************************************
*** INIT TABLE
***

          Address      Size
          -------      ----
Zero (__iar_zero_init3)
    1 destination range, total size 0x148:
          0x2000'0008  0x148

Copy (__iar_copy_init3)
    1 source range, total size 0x8:
           0x800'1390    0x8
    1 destination range, total size 0x8:
          0x2000'0000    0x8



*******************************************************************************
*** MODULE SUMMARY
***

    Module                ro code  ro data  rw data
    ------                -------  -------  -------
command line/config:
    -----------------------------------------------
    Total:

E:\iar_project\stm32f407_reg\Debug\Obj: [1]
    canBsp.o                  180
    captureBsp.o               76                 3
    dmaBsp.o                   32                 1
    extiBsp.o                  36                 1
    gpioBsp.o                  56
    main.o                     32                 1
    misc.o                     20
    os_core.o                 440      256      291
    os_cpu_a.o                216
    os_cpu_c.o                104                 4
    os_dbg.o                           114
    pwmBsp.o                   56                 1
    sdioBsp.o                 480                23
    startup_stm32f40xx.o      704
    stm32f4xx_can.o           748
    stm32f4xx_dma.o            48
    stm32f4xx_exti.o           36
    stm32f4xx_gpio.o          214
    stm32f4xx_it.o             14
    stm32f4xx_rcc.o            32
    stm32f4xx_sdio.o           84
    stm32f4xx_tim.o            56
    stm32f4xx_usart.o          60
    system_stm32f4xx.o        292
    systickBsp.o              122
    timBsp.o                   88                 3
    uartBsp.o                  56
    -----------------------------------------------
    Total:                  4 282      370      328

dl7M_tln.a: [2]
    XShttio.o                  12        8        8
    exit.o                      4
    low_level_init.o            4
    -----------------------------------------------
    Total:                     20        8        8

m7M_tls.a: [3]
    fpinit_M.o                 34
    -----------------------------------------------
    Total:                     34

rt7M_tl.a: [4]
    cexit.o                    10
    cmain.o                    30
    copy_init3.o               44
    cstartup_M.o               12
    data_init.o                40
    zero_init3.o               58
    -----------------------------------------------
    Total:                    194

shb_l.a: [5]
    exit.o                     20
    iarttio.o                  48
    -----------------------------------------------
    Total:                     68

    Gaps                        2        2
    Linker created                      36    8 192
---------------------------------------------------
    Grand Total:            4 600      416    8 528


*******************************************************************************
*** ENTRY LIST
***

Entry                       Address   Size  Type      Object
-----                       -------   ----  ----      ------
.iar.init_table$$Base    0x800'1110          --   Gb  - Linker created -
.iar.init_table$$Limit   0x800'1134          --   Gb  - Linker created -
?main                    0x800'118d         Code  Gb  cmain.o [4]
BusFault_Handler         0x800'11eb    0x2  Code  Gb  stm32f4xx_it.o [1]
CAN1_RX0_IRQHandler      0x800'0cd5   0x1c  Code  Gb  canBsp.o [1]
CAN1_Send_Msg            0x800'0cf1   0x92  Code  Gb  canBsp.o [1]
CAN_Receive              0x800'0355  0x106  Code  Gb  stm32f4xx_can.o [1]
CAN_Transmit             0x800'0189  0x13e  Code  Gb  stm32f4xx_can.o [1]
CAN_TransmitStatus       0x800'02c7   0x8e  Code  Gb  stm32f4xx_can.o [1]
CSTACK$$Base            0x1000'0000          --   Gb  - Linker created -
CSTACK$$Limit           0x1000'2000          --   Gb  - Linker created -
CmdResp1Error            0x800'05cd   0x60  Code  Gb  sdioBsp.o [1]
DMA2_Stream1_IRQHandler
                         0x800'1139   0x14  Code  Gb  dmaBsp.o [1]
DMA_ClearFlag            0x800'0fe5   0x20  Code  Gb  stm32f4xx_dma.o [1]
DebugMon_Handler         0x800'11f1    0x2  Code  Gb  stm32f4xx_it.o [1]
EXTI0_IRQHandler         0x800'10a5   0x1c  Code  Gb  extiBsp.o [1]
EXTI_ClearITPendingBit   0x800'10df    0x6  Code  Gb  stm32f4xx_exti.o [1]
EXTI_GetITStatus         0x800'10c9   0x16  Code  Gb  stm32f4xx_exti.o [1]
GPIO_Config              0x800'0f1d   0x38  Code  Gb  gpioBsp.o [1]
GPIO_Init                0x800'0bc5   0xca  Code  Gb  stm32f4xx_gpio.o [1]
GPIO_ToggleBits          0x800'0c8f    0xc  Code  Gb  stm32f4xx_gpio.o [1]
HardFault_Handler        0x800'11e7    0x2  Code  Gb  stm32f4xx_it.o [1]
MemManage_Handler        0x800'11e9    0x2  Code  Gb  stm32f4xx_it.o [1]
NMI_Handler              0x800'11e5    0x2  Code  Gb  stm32f4xx_it.o [1]
NVIC_PriorityGroupConfig
                         0x800'1179    0xa  Code  Gb  misc.o [1]
NVIC_SetPriority         0x800'0d89   0x2c  Code  Lc  systickBsp.o [1]
OSCtxSw                  0x800'08bf         Code  Gb  os_cpu_a.o [1]
OSCtxSwCtr              0x2000'0124    0x4  Data  Gb  os_core.o [1]
OSDataSize               0x800'138e    0x2  Data  Gb  os_dbg.o [1]
OSDebugEn                0x800'0e02    0x2  Data  Gb  os_dbg.o [1]
OSEndiannessTest         0x800'1200    0x4  Data  Gb  os_dbg.o [1]
OSEventEn                0x800'1134    0x2  Data  Gb  os_dbg.o [1]
OSEventMax               0x800'11b2    0x2  Data  Gb  os_dbg.o [1]
OSEventMultiEn           0x800'132e    0x2  Data  Gb  os_dbg.o [1]
OSEventNameEn            0x800'11be    0x2  Data  Gb  os_dbg.o [1]
OSEventSize              0x800'11fe    0x2  Data  Gb  os_dbg.o [1]
OSEventTblSize           0x800'132c    0x2  Data  Gb  os_dbg.o [1]
OSFlagEn                 0x800'1330    0x2  Data  Gb  os_dbg.o [1]
OSFlagGrpSize            0x800'1332    0x2  Data  Gb  os_dbg.o [1]
OSFlagMax                0x800'1338    0x2  Data  Gb  os_dbg.o [1]
OSFlagNameEn             0x800'133a    0x2  Data  Gb  os_dbg.o [1]
OSFlagNodeSize           0x800'1334    0x2  Data  Gb  os_dbg.o [1]
OSFlagWidth              0x800'1336    0x2  Data  Gb  os_dbg.o [1]
OSIntCtxSw               0x800'08c7         Code  Gb  os_cpu_a.o [1]
OSIntExit                0x800'06a9   0x78  Code  Gb  os_core.o [1]
OSIntNesting            0x2000'0144    0x1  Data  Gb  os_core.o [1]
OSLockNesting           0x2000'0145    0x1  Data  Gb  os_core.o [1]
OSLowestPrio             0x800'133c    0x2  Data  Gb  os_dbg.o [1]
OSMboxEn                 0x800'133e    0x2  Data  Gb  os_dbg.o [1]
OSMemEn                  0x800'1340    0x2  Data  Gb  os_dbg.o [1]
OSMemMax                 0x800'1342    0x2  Data  Gb  os_dbg.o [1]
OSMemNameEn              0x800'1344    0x2  Data  Gb  os_dbg.o [1]
OSMemSize                0x800'1346    0x2  Data  Gb  os_dbg.o [1]
OSMemTblSize             0x800'1348    0x2  Data  Gb  os_dbg.o [1]
OSMutexEn                0x800'134a    0x2  Data  Gb  os_dbg.o [1]
OSPrioCur               0x2000'0146    0x1  Data  Gb  os_core.o [1]
OSPrioHighRdy           0x2000'0147    0x1  Data  Gb  os_core.o [1]
OSPtrSize                0x800'134c    0x2  Data  Gb  os_dbg.o [1]
OSQEn                    0x800'134e    0x2  Data  Gb  os_dbg.o [1]
OSQMax                   0x800'1350    0x2  Data  Gb  os_dbg.o [1]
OSQSize                  0x800'1352    0x2  Data  Gb  os_dbg.o [1]
OSRdyGrp                0x2000'0148    0x1  Data  Gb  os_core.o [1]
OSRdyTbl                0x2000'011c    0x8  Data  Gb  os_core.o [1]
OSRdyTblSize             0x800'1354    0x2  Data  Gb  os_dbg.o [1]
OSRunning               0x2000'0149    0x1  Data  Gb  os_core.o [1]
OSSemEn                  0x800'1356    0x2  Data  Gb  os_dbg.o [1]
OSStartHighRdy           0x800'089b         Code  Gb  os_cpu_a.o [1]
OSStkWidth               0x800'1358    0x2  Data  Gb  os_dbg.o [1]
OSTCBCur                0x2000'0128    0x4  Data  Gb  os_core.o [1]
OSTCBHighRdy            0x2000'012c    0x4  Data  Gb  os_core.o [1]
OSTCBList               0x2000'0130    0x4  Data  Gb  os_core.o [1]
OSTCBPrioTbl            0x2000'0008  0x100  Data  Gb  os_core.o [1]
OSTCBPrioTblMax          0x800'1372    0x2  Data  Gb  os_dbg.o [1]
OSTCBSize                0x800'1374    0x2  Data  Gb  os_dbg.o [1]
OSTaskCreateEn           0x800'135a    0x2  Data  Gb  os_dbg.o [1]
OSTaskCreateExtEn        0x800'135c    0x2  Data  Gb  os_dbg.o [1]
OSTaskDelEn              0x800'135e    0x2  Data  Gb  os_dbg.o [1]
OSTaskIdleStkSize        0x800'1360    0x2  Data  Gb  os_dbg.o [1]
OSTaskMax                0x800'1364    0x2  Data  Gb  os_dbg.o [1]
OSTaskNameEn             0x800'1366    0x2  Data  Gb  os_dbg.o [1]
OSTaskProfileEn          0x800'1362    0x2  Data  Gb  os_dbg.o [1]
OSTaskRegTblSize         0x800'1370    0x2  Data  Gb  os_dbg.o [1]
OSTaskStatEn             0x800'1368    0x2  Data  Gb  os_dbg.o [1]
OSTaskStatStkChkEn       0x800'136c    0x2  Data  Gb  os_dbg.o [1]
OSTaskStatStkSize        0x800'136a    0x2  Data  Gb  os_dbg.o [1]
OSTaskSwHook             0x800'0949   0x28  Code  Gb  os_cpu_c.o [1]
OSTaskSwHookEn           0x800'136e    0x2  Data  Gb  os_dbg.o [1]
OSTickStepState         0x2000'014a    0x1  Data  Gb  os_core.o [1]
OSTicksPerSec            0x800'1376    0x2  Data  Gb  os_dbg.o [1]
OSTime                  0x2000'0134    0x4  Data  Gb  os_core.o [1]
OSTimeTick               0x800'0721   0xe4  Code  Gb  os_core.o [1]
OSTimeTickHook           0x800'0971    0x2  Code  Gb  os_cpu_c.o [1]
OSTimeTickHookEn         0x800'1378    0x2  Data  Gb  os_dbg.o [1]
OSTmrCfgMax              0x800'137e    0x2  Data  Gb  os_dbg.o [1]
OSTmrCfgNameEn           0x800'1380    0x2  Data  Gb  os_dbg.o [1]
OSTmrCfgTicksPerSec      0x800'1384    0x2  Data  Gb  os_dbg.o [1]
OSTmrCfgWheelSize        0x800'1382    0x2  Data  Gb  os_dbg.o [1]
OSTmrEn                  0x800'137c    0x2  Data  Gb  os_dbg.o [1]
OSTmrSize                0x800'1386    0x2  Data  Gb  os_dbg.o [1]
OSTmrTblSize             0x800'1388    0x2  Data  Gb  os_dbg.o [1]
OSTmrWheelSize           0x800'138a    0x2  Data  Gb  os_dbg.o [1]
OSTmrWheelTblSize        0x800'138c    0x2  Data  Gb  os_dbg.o [1]
OSUnMapTbl               0x800'0ac4  0x100  Data  Gb  os_core.o [1]
OSVersionNbr             0x800'137a    0x2  Data  Gb  os_dbg.o [1]
OS_CPU_ExceptStkBase    0x2000'0138    0x4  Data  Gb  os_cpu_c.o [1]
OS_CPU_FP_Reg_Pop        0x800'087b         Code  Gb  os_cpu_a.o [1]
OS_CPU_FP_Reg_Push       0x800'0861         Code  Gb  os_cpu_a.o [1]
OS_CPU_PendSVHandler     0x800'08cf         Code  Gb  os_cpu_a.o [1]
OS_CPU_SR_Restore        0x800'0895         Code  Gb  os_cpu_a.o [1]
OS_CPU_SR_Save           0x800'088d         Code  Gb  os_cpu_a.o [1]
OS_CPU_SysTickHandler    0x800'0973   0x20  Code  Gb  os_cpu_c.o [1]
OS_SchedNew              0x800'0805   0x24  Code  Lc  os_core.o [1]
PendSV_Handler           0x800'0939    0x8  Code  Gb  os_cpu_c.o [1]
RCC_AHB1PeriphClockCmd   0x800'0f55   0x1c  Code  Gb  stm32f4xx_rcc.o [1]
Region$$Table$$Base      0x800'1110          --   Gb  - Linker created -
Region$$Table$$Limit     0x800'1134          --   Gb  - Linker created -
SDIO_ClearFlag           0x800'0693    0x6  Code  Gb  stm32f4xx_sdio.o [1]
SDIO_CmdInitStructure   0x2000'0108   0x14  Data  Gb  sdioBsp.o [1]
SDIO_GetFlagStatus       0x800'067d   0x16  Code  Gb  stm32f4xx_sdio.o [1]
SDIO_IRQHandler          0x800'0475    0x8  Code  Gb  sdioBsp.o [1]
SDIO_SendCommand         0x800'0655   0x28  Code  Gb  stm32f4xx_sdio.o [1]
SD_ProcessIRQSrc         0x800'047d  0x150  Code  Gb  sdioBsp.o [1]
SVC_Handler              0x800'11ef    0x2  Code  Gb  stm32f4xx_it.o [1]
SYSTICK_Config           0x800'0df9    0xa  Code  Gb  systickBsp.o [1]
SetSysClock              0x800'09e7   0xaa  Code  Lc  system_stm32f4xx.o [1]
StopCondition           0x2000'014c    0x1  Data  Lc  sdioBsp.o [1]
SysTick_Config           0x800'0db5   0x30  Code  Lc  systickBsp.o [1]
SysTick_Handler          0x800'0941    0x8  Code  Gb  os_cpu_c.o [1]
SystemInit               0x800'09a1   0x46  Code  Gb  system_stm32f4xx.o [1]
TIM1_UP_TIM10_IRQHandler
                         0x800'0e05   0x44  Code  Gb  timBsp.o [1]
TIM1_UP_TIM10_IRQHandler::cnt
                        0x2000'013e    0x2  Data  Lc  timBsp.o [1]
TIM1_UP_TIM10_IRQHandler::res
                        0x2000'014f    0x1  Data  Lc  timBsp.o [1]
TIM2_IRQHandler          0x800'0e95   0x44  Code  Gb  captureBsp.o [1]
TIM2_IRQHandler::cnt    0x2000'013c    0x2  Data  Lc  captureBsp.o [1]
TIM2_IRQHandler::res    0x2000'0140    0x1  Data  Lc  captureBsp.o [1]
TIM3_IRQHandler          0x800'0f75   0x2c  Code  Gb  pwmBsp.o [1]
TIM3_IRQHandler::res    0x2000'014b    0x1  Data  Lc  pwmBsp.o [1]
TIM_ClearITPendingBit    0x800'0e8b    0xa  Code  Gb  stm32f4xx_tim.o [1]
TIM_GetITStatus          0x800'0e5d   0x2e  Code  Gb  stm32f4xx_tim.o [1]
TransferEnd             0x2000'014e    0x1  Data  Gb  sdioBsp.o [1]
TransferError           0x2000'014d    0x1  Data  Gb  sdioBsp.o [1]
USART1_IRQHandler        0x800'0fad   0x32  Code  Gb  uartBsp.o [1]
USART_ClearFlag          0x800'0f0d   0x10  Code  Gb  stm32f4xx_usart.o [1]
USART_GetFlagStatus      0x800'0ef1   0x1c  Code  Gb  stm32f4xx_usart.o [1]
USART_ReceiveData        0x800'0ee9    0x8  Code  Gb  stm32f4xx_usart.o [1]
USART_SendData           0x800'0ee1    0x8  Code  Gb  stm32f4xx_usart.o [1]
UsageFault_Handler       0x800'11ed    0x2  Code  Gb  stm32f4xx_it.o [1]
__cmain                  0x800'118d         Code  Gb  cmain.o [4]
__exit                   0x800'11c1   0x14  Code  Gb  exit.o [5]
__iar_close_ttio         0x800'1015   0x2e  Code  Gb  iarttio.o [5]
__iar_copy_init3         0x800'1051   0x2c  Code  Gb  copy_init3.o [4]
__iar_data_init3         0x800'107d   0x28  Code  Gb  data_init.o [4]
__iar_init_vfp           0x800'10ed         Code  Gb  fpinit_M.o [3]
__iar_lookup_ttioh       0x800'1045    0x4  Code  Gb  XShttio.o [2]
__iar_program_start      0x800'11f3         Code  Gb  cstartup_M.o [4]
__iar_ttio_handles      0x2000'0000    0x8  Data  Lc  XShttio.o [2]
__iar_zero_init3         0x800'0c9b   0x3a  Code  Gb  zero_init3.o [4]
__low_level_init         0x800'11ab    0x4  Code  Gb  low_level_init.o [2]
__vector_table           0x800'0000         Data  Gb  startup_stm32f40xx.o [1]
_call_main               0x800'1199         Code  Gb  cmain.o [4]
_exit                    0x800'11b5         Code  Gb  cexit.o [4]
_main                    0x800'11a7         Code  Gb  cmain.o [4]
b                       0x2000'0143    0x1  Data  Gb  main.o [1]
cnt                     0x2000'0141    0x1  Data  Gb  dmaBsp.o [1]
exit                     0x800'11af    0x4  Code  Gb  exit.o [2]
main                     0x800'1159   0x20  Code  Gb  main.o [1]
temp                    0x2000'0142    0x1  Data  Gb  extiBsp.o [1]


[1] = E:\iar_project\stm32f407_reg\Debug\Obj
[2] = dl7M_tln.a
[3] = m7M_tls.a
[4] = rt7M_tl.a
[5] = shb_l.a

  4 600 bytes of readonly  code memory
    416 bytes of readonly  data memory
  8 528 bytes of readwrite data memory

Errors: 2
Warnings: none
