###############################################################################
#
# IAR ELF Linker V8.30.1.114/W32 for ARM                  16/Mar/2021  17:09:14
# Copyright 2007-2018 IAR Systems AB.
#
#    Output file  =  E:\iar_project\stm32f407_reg\Debug\Exe\stm32f407_reg.out
#    Map file     =  E:\iar_project\stm32f407_reg\Debug\List\stm32f407_reg.map
#    Command line =  
#        -f C:\Users\ADMINI~1\AppData\Local\Temp\EW5B99.tmp
#        (E:\iar_project\stm32f407_reg\Debug\Obj\canBsp.o
#        E:\iar_project\stm32f407_reg\Debug\Obj\captureBsp.o
#        E:\iar_project\stm32f407_reg\Debug\Obj\diskio.o
#        E:\iar_project\stm32f407_reg\Debug\Obj\dmaBsp.o
#        E:\iar_project\stm32f407_reg\Debug\Obj\extiBsp.o
#        E:\iar_project\stm32f407_reg\Debug\Obj\ff.o
#        E:\iar_project\stm32f407_reg\Debug\Obj\gpioBsp.o
#        E:\iar_project\stm32f407_reg\Debug\Obj\iwdgBsp.o
#        E:\iar_project\stm32f407_reg\Debug\Obj\main.o
#        E:\iar_project\stm32f407_reg\Debug\Obj\misc.o
#        E:\iar_project\stm32f407_reg\Debug\Obj\os_core.o
#        E:\iar_project\stm32f407_reg\Debug\Obj\os_cpu_a.o
#        E:\iar_project\stm32f407_reg\Debug\Obj\os_cpu_c.o
#        E:\iar_project\stm32f407_reg\Debug\Obj\os_dbg.o
#        E:\iar_project\stm32f407_reg\Debug\Obj\os_flag.o
#        E:\iar_project\stm32f407_reg\Debug\Obj\os_mbox.o
#        E:\iar_project\stm32f407_reg\Debug\Obj\os_mem.o
#        E:\iar_project\stm32f407_reg\Debug\Obj\os_mutex.o
#        E:\iar_project\stm32f407_reg\Debug\Obj\os_q.o
#        E:\iar_project\stm32f407_reg\Debug\Obj\os_sem.o
#        E:\iar_project\stm32f407_reg\Debug\Obj\os_task.o
#        E:\iar_project\stm32f407_reg\Debug\Obj\os_time.o
#        E:\iar_project\stm32f407_reg\Debug\Obj\os_tmr.o
#        E:\iar_project\stm32f407_reg\Debug\Obj\pwmBsp.o
#        E:\iar_project\stm32f407_reg\Debug\Obj\rccBsp.o
#        E:\iar_project\stm32f407_reg\Debug\Obj\sdioBsp.o
#        E:\iar_project\stm32f407_reg\Debug\Obj\startup_stm32f40xx.o
#        E:\iar_project\stm32f407_reg\Debug\Obj\stm32f4xx_adc.o
#        E:\iar_project\stm32f407_reg\Debug\Obj\stm32f4xx_can.o
#        E:\iar_project\stm32f407_reg\Debug\Obj\stm32f4xx_cec.o
#        E:\iar_project\stm32f407_reg\Debug\Obj\stm32f4xx_crc.o
#        E:\iar_project\stm32f407_reg\Debug\Obj\stm32f4xx_cryp.o
#        E:\iar_project\stm32f407_reg\Debug\Obj\stm32f4xx_cryp_aes.o
#        E:\iar_project\stm32f407_reg\Debug\Obj\stm32f4xx_cryp_des.o
#        E:\iar_project\stm32f407_reg\Debug\Obj\stm32f4xx_cryp_tdes.o
#        E:\iar_project\stm32f407_reg\Debug\Obj\stm32f4xx_dac.o
#        E:\iar_project\stm32f407_reg\Debug\Obj\stm32f4xx_dbgmcu.o
#        E:\iar_project\stm32f407_reg\Debug\Obj\stm32f4xx_dcmi.o
#        E:\iar_project\stm32f407_reg\Debug\Obj\stm32f4xx_dfsdm.o
#        E:\iar_project\stm32f407_reg\Debug\Obj\stm32f4xx_dma.o
#        E:\iar_project\stm32f407_reg\Debug\Obj\stm32f4xx_dma2d.o
#        E:\iar_project\stm32f407_reg\Debug\Obj\stm32f4xx_dsi.o
#        E:\iar_project\stm32f407_reg\Debug\Obj\stm32f4xx_exti.o
#        E:\iar_project\stm32f407_reg\Debug\Obj\stm32f4xx_flash.o
#        E:\iar_project\stm32f407_reg\Debug\Obj\stm32f4xx_flash_ramfunc.o
#        E:\iar_project\stm32f407_reg\Debug\Obj\stm32f4xx_fmpi2c.o
#        E:\iar_project\stm32f407_reg\Debug\Obj\stm32f4xx_fsmc.o
#        E:\iar_project\stm32f407_reg\Debug\Obj\stm32f4xx_gpio.o
#        E:\iar_project\stm32f407_reg\Debug\Obj\stm32f4xx_hash.o
#        E:\iar_project\stm32f407_reg\Debug\Obj\stm32f4xx_hash_md5.o
#        E:\iar_project\stm32f407_reg\Debug\Obj\stm32f4xx_hash_sha1.o
#        E:\iar_project\stm32f407_reg\Debug\Obj\stm32f4xx_i2c.o
#        E:\iar_project\stm32f407_reg\Debug\Obj\stm32f4xx_it.o
#        E:\iar_project\stm32f407_reg\Debug\Obj\stm32f4xx_iwdg.o
#        E:\iar_project\stm32f407_reg\Debug\Obj\stm32f4xx_lptim.o
#        E:\iar_project\stm32f407_reg\Debug\Obj\stm32f4xx_ltdc.o
#        E:\iar_project\stm32f407_reg\Debug\Obj\stm32f4xx_pwr.o
#        E:\iar_project\stm32f407_reg\Debug\Obj\stm32f4xx_qspi.o
#        E:\iar_project\stm32f407_reg\Debug\Obj\stm32f4xx_rcc.o
#        E:\iar_project\stm32f407_reg\Debug\Obj\stm32f4xx_rng.o
#        E:\iar_project\stm32f407_reg\Debug\Obj\stm32f4xx_rtc.o
#        E:\iar_project\stm32f407_reg\Debug\Obj\stm32f4xx_sai.o
#        E:\iar_project\stm32f407_reg\Debug\Obj\stm32f4xx_sdio.o
#        E:\iar_project\stm32f407_reg\Debug\Obj\stm32f4xx_spdifrx.o
#        E:\iar_project\stm32f407_reg\Debug\Obj\stm32f4xx_spi.o
#        E:\iar_project\stm32f407_reg\Debug\Obj\stm32f4xx_syscfg.o
#        E:\iar_project\stm32f407_reg\Debug\Obj\stm32f4xx_tim.o
#        E:\iar_project\stm32f407_reg\Debug\Obj\stm32f4xx_usart.o
#        E:\iar_project\stm32f407_reg\Debug\Obj\stm32f4xx_wwdg.o
#        E:\iar_project\stm32f407_reg\Debug\Obj\system_stm32f4xx.o
#        E:\iar_project\stm32f407_reg\Debug\Obj\systickBsp.o
#        E:\iar_project\stm32f407_reg\Debug\Obj\timBsp.o
#        E:\iar_project\stm32f407_reg\Debug\Obj\uartBsp.o --no_out_extension -o
#        E:\iar_project\stm32f407_reg\Debug\Exe\stm32f407_reg.out --redirect
#        _Printf=_PrintfFullNoMb --redirect _Scanf=_ScanfFullNoMb --map
#        E:\iar_project\stm32f407_reg\Debug\List\stm32f407_reg.map --config
#        "D:\Program Files (x86)\IAR Systems\Embedded Workbench
#        8.1\arm\config\linker\ST\stm32f407xG.icf" --semihosting --entry
#        __iar_program_start --vfe --text_out locale)
#
###############################################################################

*******************************************************************************
*** RUNTIME MODEL ATTRIBUTES
***

CppFlavor       = *
__SystemLibrary = DLib
__dlib_version  = 6


*******************************************************************************
*** HEAP SELECTION
***

The basic heap was selected because no calls to memory allocation
functions were found in the application outside of system library
functions, and there are calls to deallocation functions in the
application.


*******************************************************************************
*** PLACEMENT SUMMARY
***

"A0":  place at 0x800'0000 { ro section .intvec };
"P1":  place in [from 0x800'0000 to 0x80f'ffff] { ro };
define block CSTACK with size = 8K, alignment = 8 { };
"P3":  place in [from 0x1000'0000 to 0x1000'ffff] {
          block CSTACK, section .ccram };
define block HEAP with size = 8K, alignment = 8 { };
"P4":  place in [from 0x2000'0000 to 0x2001'bfff] |
                [from 0x2001'c000 to 0x2001'ffff] { rw, block HEAP };
initialize by copy { rw };

No sections matched the following patterns:

  ro section application_specific_ro  in "P2"
  section .backup_sram                in "P5"
  section .ccram                      in "P3"


  Section            Kind         Address    Size  Object
  -------            ----         -------    ----  ------
"A0":                                       0x188
  .intvec            ro code   0x800'0000   0x188  startup_stm32f40xx.o [1]
                             - 0x800'0188   0x188

"P1":                                      0x2204
  .text              ro code   0x800'0188   0x778  os_core.o [1]
  .text              ro code   0x800'0900   0x234  os_cpu_c.o [1]
  .text              ro code   0x800'0b34    0x90  os_flag.o [1]
  .text              ro code   0x800'0bc4    0x58  os_q.o [1]
  .text              ro code   0x800'0c1c   0x168  os_dbg.o [1]
  CODE               ro code   0x800'0d84    0xd8  os_cpu_a.o [1]
  .text              ro code   0x800'0e5c   0x4f8  os_task.o [1]
  .text              ro code   0x800'1354    0x7c  os_time.o [1]
  .text              ro code   0x800'13d0   0x2ec  stm32f4xx_can.o [1]
  .text              ro code   0x800'16bc   0x1e0  sdioBsp.o [1]
  .text              ro code   0x800'189c    0x54  stm32f4xx_sdio.o [1]
  .text              ro code   0x800'18f0   0x124  system_stm32f4xx.o [1]
  .rodata            const     0x800'1a14   0x100  os_core.o [1]
  .text              ro code   0x800'1b14    0xd6  stm32f4xx_gpio.o [1]
  .text              ro code   0x800'1bea    0x3a  zero_init3.o [4]
  .text              ro code   0x800'1c24    0xb4  canBsp.o [1]
  .text              ro code   0x800'1cd8    0x80  systickBsp.o [1]
  .text              ro code   0x800'1d58    0x6c  main.o [1]
  .text              ro code   0x800'1dc4    0x14  misc.o [1]
  .text              ro code   0x800'1dd8    0x38  gpioBsp.o [1]
  .text              ro code   0x800'1e10    0x20  stm32f4xx_rcc.o [1]
  .text              ro code   0x800'1e30    0x58  timBsp.o [1]
  .text              ro code   0x800'1e88    0x38  stm32f4xx_tim.o [1]
  .text              ro code   0x800'1ec0    0x4c  captureBsp.o [1]
  .text              ro code   0x800'1f0c    0x40  stm32f4xx_it.o [1]
  .text              ro code   0x800'1f4c    0x3c  stm32f4xx_usart.o [1]
  .text              ro code   0x800'1f88    0x38  pwmBsp.o [1]
  .text              ro code   0x800'1fc0    0x38  uartBsp.o [1]
  .text              ro code   0x800'1ff8    0x30  stm32f4xx_dma.o [1]
  .text              ro code   0x800'2028    0x30  iarttio.o [5]
  .text              ro code   0x800'2058     0xc  XShttio.o [2]
  .text              ro code   0x800'2064    0x2c  copy_init3.o [4]
  .text              ro code   0x800'2090    0x28  data_init.o [4]
  .text              ro code   0x800'20b8    0x24  extiBsp.o [1]
  .text              ro code   0x800'20dc    0x24  stm32f4xx_exti.o [1]
  .text              ro code   0x800'2100    0x22  fpinit_M.o [3]
  .iar.init_table    const     0x800'2124    0x24  - Linker created -
  .rodata            const     0x800'2148     0x2  os_dbg.o [1]
  .text              ro code   0x800'214c    0x20  dmaBsp.o [1]
  .text              ro code   0x800'216c    0x1e  cmain.o [4]
  .text              ro code   0x800'218a     0x4  low_level_init.o [2]
  .text              ro code   0x800'218e     0x4  exit.o [2]
  .rodata            const     0x800'2192     0x2  os_dbg.o [1]
  .text              ro code   0x800'2194     0xa  cexit.o [4]
  .rodata            const     0x800'219e     0x2  os_dbg.o [1]
  .text              ro code   0x800'21a0    0x14  exit.o [5]
  .rodata            const     0x800'21b4    0x10  os_core.o [1]
  .rodata            const     0x800'21c4    0x10  os_core.o [1]
  .text              ro code   0x800'21d4    0x10  startup_stm32f40xx.o [1]
  .text              ro code   0x800'21e4     0xc  cstartup_M.o [4]
  .rodata            const     0x800'21f0     0x4  os_dbg.o [1]
  .text              ro code   0x800'21f4     0x4  startup_stm32f40xx.o [1]
  .text              ro code   0x800'21f8     0x4  startup_stm32f40xx.o [1]
  .text              ro code   0x800'21fc     0x4  startup_stm32f40xx.o [1]
  .text              ro code   0x800'2200     0x4  startup_stm32f40xx.o [1]
  .text              ro code   0x800'2204     0x4  startup_stm32f40xx.o [1]
  .text              ro code   0x800'2208     0x4  startup_stm32f40xx.o [1]
  .text              ro code   0x800'220c     0x4  startup_stm32f40xx.o [1]
  .text              ro code   0x800'2210     0x4  startup_stm32f40xx.o [1]
  .text              ro code   0x800'2214     0x4  startup_stm32f40xx.o [1]
  .text              ro code   0x800'2218     0x4  startup_stm32f40xx.o [1]
  .text              ro code   0x800'221c     0x4  startup_stm32f40xx.o [1]
  .text              ro code   0x800'2220     0x4  startup_stm32f40xx.o [1]
  .text              ro code   0x800'2224     0x4  startup_stm32f40xx.o [1]
  .text              ro code   0x800'2228     0x4  startup_stm32f40xx.o [1]
  .text              ro code   0x800'222c     0x4  startup_stm32f40xx.o [1]
  .text              ro code   0x800'2230     0x4  startup_stm32f40xx.o [1]
  .text              ro code   0x800'2234     0x4  startup_stm32f40xx.o [1]
  .text              ro code   0x800'2238     0x4  startup_stm32f40xx.o [1]
  .text              ro code   0x800'223c     0x4  startup_stm32f40xx.o [1]
  .text              ro code   0x800'2240     0x4  startup_stm32f40xx.o [1]
  .text              ro code   0x800'2244     0x4  startup_stm32f40xx.o [1]
  .text              ro code   0x800'2248     0x4  startup_stm32f40xx.o [1]
  .text              ro code   0x800'224c     0x4  startup_stm32f40xx.o [1]
  .text              ro code   0x800'2250     0x4  startup_stm32f40xx.o [1]
  .text              ro code   0x800'2254     0x4  startup_stm32f40xx.o [1]
  .text              ro code   0x800'2258     0x4  startup_stm32f40xx.o [1]
  .text              ro code   0x800'225c     0x4  startup_stm32f40xx.o [1]
  .text              ro code   0x800'2260     0x4  startup_stm32f40xx.o [1]
  .text              ro code   0x800'2264     0x4  startup_stm32f40xx.o [1]
  .text              ro code   0x800'2268     0x4  startup_stm32f40xx.o [1]
  .text              ro code   0x800'226c     0x4  startup_stm32f40xx.o [1]
  .text              ro code   0x800'2270     0x4  startup_stm32f40xx.o [1]
  .text              ro code   0x800'2274     0x4  startup_stm32f40xx.o [1]
  .text              ro code   0x800'2278     0x4  startup_stm32f40xx.o [1]
  .text              ro code   0x800'227c     0x4  startup_stm32f40xx.o [1]
  .text              ro code   0x800'2280     0x4  startup_stm32f40xx.o [1]
  .text              ro code   0x800'2284     0x4  startup_stm32f40xx.o [1]
  .text              ro code   0x800'2288     0x4  startup_stm32f40xx.o [1]
  .text              ro code   0x800'228c     0x4  startup_stm32f40xx.o [1]
  .text              ro code   0x800'2290     0x4  startup_stm32f40xx.o [1]
  .text              ro code   0x800'2294     0x4  startup_stm32f40xx.o [1]
  .text              ro code   0x800'2298     0x4  startup_stm32f40xx.o [1]
  .text              ro code   0x800'229c     0x4  startup_stm32f40xx.o [1]
  .text              ro code   0x800'22a0     0x4  startup_stm32f40xx.o [1]
  .text              ro code   0x800'22a4     0x4  startup_stm32f40xx.o [1]
  .text              ro code   0x800'22a8     0x4  startup_stm32f40xx.o [1]
  .text              ro code   0x800'22ac     0x4  startup_stm32f40xx.o [1]
  .text              ro code   0x800'22b0     0x4  startup_stm32f40xx.o [1]
  .text              ro code   0x800'22b4     0x4  startup_stm32f40xx.o [1]
  .text              ro code   0x800'22b8     0x4  startup_stm32f40xx.o [1]
  .text              ro code   0x800'22bc     0x4  startup_stm32f40xx.o [1]
  .text              ro code   0x800'22c0     0x4  startup_stm32f40xx.o [1]
  .text              ro code   0x800'22c4     0x4  startup_stm32f40xx.o [1]
  .text              ro code   0x800'22c8     0x4  startup_stm32f40xx.o [1]
  .text              ro code   0x800'22cc     0x4  startup_stm32f40xx.o [1]
  .text              ro code   0x800'22d0     0x4  startup_stm32f40xx.o [1]
  .text              ro code   0x800'22d4     0x4  startup_stm32f40xx.o [1]
  .text              ro code   0x800'22d8     0x4  startup_stm32f40xx.o [1]
  .text              ro code   0x800'22dc     0x4  startup_stm32f40xx.o [1]
  .text              ro code   0x800'22e0     0x4  startup_stm32f40xx.o [1]
  .text              ro code   0x800'22e4     0x4  startup_stm32f40xx.o [1]
  .text              ro code   0x800'22e8     0x4  startup_stm32f40xx.o [1]
  .text              ro code   0x800'22ec     0x4  startup_stm32f40xx.o [1]
  .text              ro code   0x800'22f0     0x4  startup_stm32f40xx.o [1]
  .text              ro code   0x800'22f4     0x4  startup_stm32f40xx.o [1]
  .text              ro code   0x800'22f8     0x4  startup_stm32f40xx.o [1]
  .text              ro code   0x800'22fc     0x4  startup_stm32f40xx.o [1]
  .text              ro code   0x800'2300     0x4  startup_stm32f40xx.o [1]
  .text              ro code   0x800'2304     0x4  startup_stm32f40xx.o [1]
  .text              ro code   0x800'2308     0x4  startup_stm32f40xx.o [1]
  .text              ro code   0x800'230c     0x4  startup_stm32f40xx.o [1]
  .text              ro code   0x800'2310     0x4  startup_stm32f40xx.o [1]
  .text              ro code   0x800'2314     0x4  startup_stm32f40xx.o [1]
  .text              ro code   0x800'2318     0x4  startup_stm32f40xx.o [1]
  .rodata            const     0x800'231c     0x2  os_dbg.o [1]
  .rodata            const     0x800'231e     0x2  os_dbg.o [1]
  .rodata            const     0x800'2320     0x2  os_dbg.o [1]
  .rodata            const     0x800'2322     0x2  os_dbg.o [1]
  .rodata            const     0x800'2324     0x2  os_dbg.o [1]
  .rodata            const     0x800'2326     0x2  os_dbg.o [1]
  .rodata            const     0x800'2328     0x2  os_dbg.o [1]
  .rodata            const     0x800'232a     0x2  os_dbg.o [1]
  .rodata            const     0x800'232c     0x2  os_dbg.o [1]
  .rodata            const     0x800'232e     0x2  os_dbg.o [1]
  .rodata            const     0x800'2330     0x2  os_dbg.o [1]
  .rodata            const     0x800'2332     0x2  os_dbg.o [1]
  .rodata            const     0x800'2334     0x2  os_dbg.o [1]
  .rodata            const     0x800'2336     0x2  os_dbg.o [1]
  .rodata            const     0x800'2338     0x2  os_dbg.o [1]
  .rodata            const     0x800'233a     0x2  os_dbg.o [1]
  .rodata            const     0x800'233c     0x2  os_dbg.o [1]
  .rodata            const     0x800'233e     0x2  os_dbg.o [1]
  .rodata            const     0x800'2340     0x2  os_dbg.o [1]
  .rodata            const     0x800'2342     0x2  os_dbg.o [1]
  .rodata            const     0x800'2344     0x2  os_dbg.o [1]
  .rodata            const     0x800'2346     0x2  os_dbg.o [1]
  .rodata            const     0x800'2348     0x2  os_dbg.o [1]
  .rodata            const     0x800'234a     0x2  os_dbg.o [1]
  .rodata            const     0x800'234c     0x2  os_dbg.o [1]
  .rodata            const     0x800'234e     0x2  os_dbg.o [1]
  .rodata            const     0x800'2350     0x2  os_dbg.o [1]
  .rodata            const     0x800'2352     0x2  os_dbg.o [1]
  .rodata            const     0x800'2354     0x2  os_dbg.o [1]
  .rodata            const     0x800'2356     0x2  os_dbg.o [1]
  .rodata            const     0x800'2358     0x2  os_dbg.o [1]
  .rodata            const     0x800'235a     0x2  os_dbg.o [1]
  .rodata            const     0x800'235c     0x2  os_dbg.o [1]
  .rodata            const     0x800'235e     0x2  os_dbg.o [1]
  .rodata            const     0x800'2360     0x2  os_dbg.o [1]
  .rodata            const     0x800'2362     0x2  os_dbg.o [1]
  .rodata            const     0x800'2364     0x2  os_dbg.o [1]
  .rodata            const     0x800'2366     0x2  os_dbg.o [1]
  .rodata            const     0x800'2368     0x2  os_dbg.o [1]
  .rodata            const     0x800'236a     0x2  os_dbg.o [1]
  .rodata            const     0x800'236c     0x2  os_dbg.o [1]
  .rodata            const     0x800'236e     0x2  os_dbg.o [1]
  .rodata            const     0x800'2370     0x2  os_dbg.o [1]
  .rodata            const     0x800'2372     0x2  os_dbg.o [1]
  .rodata            const     0x800'2374     0x2  os_dbg.o [1]
  .rodata            const     0x800'2376     0x2  os_dbg.o [1]
  .rodata            const     0x800'2378     0x2  os_dbg.o [1]
  .rodata            const     0x800'237a     0x2  os_dbg.o [1]
  .rodata            const     0x800'237c     0x2  os_dbg.o [1]
  .rodata            const     0x800'237e     0x2  os_dbg.o [1]
  .rodata            const     0x800'2380     0x2  os_dbg.o [1]
  .rodata            const     0x800'2382     0x2  os_dbg.o [1]
  .rodata            const     0x800'2384     0x0  zero_init3.o [4]
  .rodata            const     0x800'2384     0x0  copy_init3.o [4]
  Initializer bytes  const     0x800'2384     0x8  <for P4 s0>
                             - 0x800'238c  0x2204

"P3":                                      0x2000
  CSTACK                      0x1000'0000  0x2000  <Block>
    CSTACK           uninit   0x1000'0000  0x2000  <Block tail>
                            - 0x1000'2000  0x2000

"P4", part 1 of 2:                            0x8
  P4 s0                       0x2000'0000     0x8  <Init block>
    .data            inited   0x2000'0000     0x8  XShttio.o [2]
                            - 0x2000'0008     0x8

"P4", part 2 of 2:                         0x1388
  .bss               zero     0x2000'0008   0x790  os_core.o [1]
  .bss               zero     0x2000'0798   0x200  os_core.o [1]
  .bss               zero     0x2000'0998   0x200  os_core.o [1]
  .bss               zero     0x2000'0b98   0x200  os_cpu_c.o [1]
  .bss               zero     0x2000'0d98   0x1e0  os_core.o [1]
  .bss               zero     0x2000'0f78   0x100  main.o [1]
  .bss               zero     0x2000'1078   0x100  main.o [1]
  .bss               zero     0x2000'1178   0x100  os_core.o [1]
  .bss               zero     0x2000'1278    0x60  os_core.o [1]
  .bss               zero     0x2000'12d8    0x50  os_core.o [1]
  .bss               zero     0x2000'1328    0x14  sdioBsp.o [1]
  .bss               zero     0x2000'133c     0x8  os_core.o [1]
  .bss               zero     0x2000'1344     0x4  os_core.o [1]
  .bss               zero     0x2000'1348     0x4  os_core.o [1]
  .bss               zero     0x2000'134c     0x4  os_core.o [1]
  .bss               zero     0x2000'1350     0x4  os_core.o [1]
  .bss               zero     0x2000'1354     0x4  os_core.o [1]
  .bss               zero     0x2000'1358     0x4  os_core.o [1]
  .bss               zero     0x2000'135c     0x4  os_core.o [1]
  .bss               zero     0x2000'1360     0x4  os_core.o [1]
  .bss               zero     0x2000'1364     0x4  os_core.o [1]
  .bss               zero     0x2000'1368     0x4  os_core.o [1]
  .bss               zero     0x2000'136c     0x4  os_core.o [1]
  .bss               zero     0x2000'1370     0x4  os_core.o [1]
  .bss               zero     0x2000'1374     0x4  os_cpu_c.o [1]
  .bss               zero     0x2000'1378     0x2  captureBsp.o [1]
  .bss               zero     0x2000'137a     0x2  timBsp.o [1]
  .bss               zero     0x2000'137c     0x1  captureBsp.o [1]
  .bss               zero     0x2000'137d     0x1  dmaBsp.o [1]
  .bss               zero     0x2000'137e     0x1  extiBsp.o [1]
  .bss               zero     0x2000'137f     0x1  main.o [1]
  .bss               zero     0x2000'1380     0x1  os_core.o [1]
  .bss               zero     0x2000'1381     0x1  os_core.o [1]
  .bss               zero     0x2000'1382     0x1  os_core.o [1]
  .bss               zero     0x2000'1383     0x1  os_core.o [1]
  .bss               zero     0x2000'1384     0x1  os_core.o [1]
  .bss               zero     0x2000'1385     0x1  os_core.o [1]
  .bss               zero     0x2000'1386     0x1  os_core.o [1]
  .bss               zero     0x2000'1387     0x1  os_core.o [1]
  .bss               zero     0x2000'1388     0x1  os_core.o [1]
  .bss               zero     0x2000'1389     0x1  os_core.o [1]
  .bss               zero     0x2000'138a     0x1  os_core.o [1]
  .bss               zero     0x2000'138b     0x1  pwmBsp.o [1]
  .bss               zero     0x2000'138c     0x1  sdioBsp.o [1]
  .bss               zero     0x2000'138d     0x1  sdioBsp.o [1]
  .bss               zero     0x2000'138e     0x1  sdioBsp.o [1]
  .bss               zero     0x2000'138f     0x1  timBsp.o [1]
                            - 0x2000'1390  0x1388

Unused ranges:

         From           To      Size
         ----           --      ----
   0x800'238c   0x80f'ffff  0xf'dc74
  0x1000'2000  0x1000'ffff    0xe000
  0x2000'1390  0x2001'bfff  0x1'ac70
  0x2001'c000  0x2001'ffff    0x4000


*******************************************************************************
*** INIT TABLE
***

          Address      Size
          -------      ----
Zero (__iar_zero_init3)
    1 destination range, total size 0x1388:
          0x2000'0008  0x1388

Copy (__iar_copy_init3)
    1 source range, total size 0x8:
           0x800'2384     0x8
    1 destination range, total size 0x8:
          0x2000'0000     0x8



*******************************************************************************
*** MODULE SUMMARY
***

    Module                ro code  ro data  rw data
    ------                -------  -------  -------
command line/config:
    -----------------------------------------------
    Total:

E:\iar_project\stm32f407_reg\Debug\Obj: [1]
    canBsp.o                  180
    captureBsp.o               76                 3
    dmaBsp.o                   32                 1
    extiBsp.o                  36                 1
    gpioBsp.o                  56
    main.o                    108               513
    misc.o                     20
    os_core.o               1 912      288    3 939
    os_cpu_a.o                216
    os_cpu_c.o                564               516
    os_dbg.o                  360      114
    os_flag.o                 144
    os_q.o                     88
    os_task.o               1 272
    os_time.o                 124
    pwmBsp.o                   56                 1
    sdioBsp.o                 480                23
    startup_stm32f40xx.o      704
    stm32f4xx_can.o           748
    stm32f4xx_dma.o            48
    stm32f4xx_exti.o           36
    stm32f4xx_gpio.o          214
    stm32f4xx_it.o             64
    stm32f4xx_rcc.o            32
    stm32f4xx_sdio.o           84
    stm32f4xx_tim.o            56
    stm32f4xx_usart.o          60
    system_stm32f4xx.o        292
    systickBsp.o              128
    timBsp.o                   88                 3
    uartBsp.o                  56
    -----------------------------------------------
    Total:                  8 334      402    5 000

dl7M_tln.a: [2]
    XShttio.o                  12        8        8
    exit.o                      4
    low_level_init.o            4
    -----------------------------------------------
    Total:                     20        8        8

m7M_tls.a: [3]
    fpinit_M.o                 34
    -----------------------------------------------
    Total:                     34

rt7M_tl.a: [4]
    cexit.o                    10
    cmain.o                    30
    copy_init3.o               44
    cstartup_M.o               12
    data_init.o                40
    zero_init3.o               58
    -----------------------------------------------
    Total:                    194

shb_l.a: [5]
    exit.o                     20
    iarttio.o                  48
    -----------------------------------------------
    Total:                     68

    Gaps                        2        2
    Linker created                      36    8 192
---------------------------------------------------
    Grand Total:            8 652      448   13 200


*******************************************************************************
*** ENTRY LIST
***

Entry                       Address   Size  Type      Object
-----                       -------   ----  ----      ------
.iar.init_table$$Base    0x800'2124          --   Gb  - Linker created -
.iar.init_table$$Limit   0x800'2148          --   Gb  - Linker created -
?main                    0x800'216d         Code  Gb  cmain.o [4]
BusFault_Handler         0x800'1f13    0x2  Code  Gb  stm32f4xx_it.o [1]
CAN1_RX0_IRQHandler      0x800'1c25   0x1c  Code  Gb  canBsp.o [1]
CAN1_Send_Msg            0x800'1c41   0x92  Code  Gb  canBsp.o [1]
CAN_Receive              0x800'159d  0x106  Code  Gb  stm32f4xx_can.o [1]
CAN_Transmit             0x800'13d1  0x13e  Code  Gb  stm32f4xx_can.o [1]
CAN_TransmitStatus       0x800'150f   0x8e  Code  Gb  stm32f4xx_can.o [1]
CSTACK$$Base            0x1000'0000          --   Gb  - Linker created -
CSTACK$$Limit           0x1000'2000          --   Gb  - Linker created -
CmdResp1Error            0x800'1815   0x60  Code  Gb  sdioBsp.o [1]
DMA2_Stream1_IRQHandler
                         0x800'214d   0x14  Code  Gb  dmaBsp.o [1]
DMA_ClearFlag            0x800'1ff9   0x20  Code  Gb  stm32f4xx_dma.o [1]
DebugMon_Handler         0x800'1f19    0x2  Code  Gb  stm32f4xx_it.o [1]
EXTI0_IRQHandler         0x800'20b9   0x1c  Code  Gb  extiBsp.o [1]
EXTI_ClearITPendingBit   0x800'20f3    0x6  Code  Gb  stm32f4xx_exti.o [1]
EXTI_GetITStatus         0x800'20dd   0x16  Code  Gb  stm32f4xx_exti.o [1]
GPIO_Config              0x800'1dd9   0x38  Code  Gb  gpioBsp.o [1]
GPIO_Init                0x800'1b15   0xca  Code  Gb  stm32f4xx_gpio.o [1]
GPIO_ToggleBits          0x800'1bdf    0xc  Code  Gb  stm32f4xx_gpio.o [1]
HardFault_Handler        0x800'1f0f    0x2  Code  Gb  stm32f4xx_it.o [1]
MemManage_Handler        0x800'1f11    0x2  Code  Gb  stm32f4xx_it.o [1]
NMI_Handler              0x800'1f0d    0x2  Code  Gb  stm32f4xx_it.o [1]
NVIC_PriorityGroupConfig
                         0x800'1dc5    0xa  Code  Gb  misc.o [1]
NVIC_SetPriority         0x800'1cd9   0x2c  Code  Lc  systickBsp.o [1]
OSCPUUsage              0x2000'1380    0x1  Data  Gb  os_core.o [1]
OSCtxSw                  0x800'0de3         Code  Gb  os_cpu_a.o [1]
OSCtxSwCtr              0x2000'1344    0x4  Data  Gb  os_core.o [1]
OSDataSize               0x800'2382    0x2  Data  Gb  os_dbg.o [1]
OSDebugEn                0x800'2148    0x2  Data  Gb  os_dbg.o [1]
OSDebugInit              0x800'0c1d  0x168  Code  Gb  os_dbg.o [1]
OSEndiannessTest         0x800'21f0    0x4  Data  Gb  os_dbg.o [1]
OSEventEn                0x800'2192    0x2  Data  Gb  os_dbg.o [1]
OSEventFreeList         0x2000'1348    0x4  Data  Gb  os_core.o [1]
OSEventMax               0x800'219e    0x2  Data  Gb  os_dbg.o [1]
OSEventMultiEn           0x800'2322    0x2  Data  Gb  os_dbg.o [1]
OSEventNameEn            0x800'231c    0x2  Data  Gb  os_dbg.o [1]
OSEventSize              0x800'231e    0x2  Data  Gb  os_dbg.o [1]
OSEventTbl              0x2000'0d98  0x1e0  Data  Gb  os_core.o [1]
OSEventTblSize           0x800'2320    0x2  Data  Gb  os_dbg.o [1]
OSFlagEn                 0x800'2324    0x2  Data  Gb  os_dbg.o [1]
OSFlagFreeList          0x2000'134c    0x4  Data  Gb  os_core.o [1]
OSFlagGrpSize            0x800'2326    0x2  Data  Gb  os_dbg.o [1]
OSFlagMax                0x800'232c    0x2  Data  Gb  os_dbg.o [1]
OSFlagNameEn             0x800'232e    0x2  Data  Gb  os_dbg.o [1]
OSFlagNodeSize           0x800'2328    0x2  Data  Gb  os_dbg.o [1]
OSFlagTbl               0x2000'12d8   0x50  Data  Gb  os_core.o [1]
OSFlagWidth              0x800'232a    0x2  Data  Gb  os_dbg.o [1]
OSIdleCtr               0x2000'1358    0x4  Data  Gb  os_core.o [1]
OSIdleCtrMax            0x2000'1350    0x4  Data  Gb  os_core.o [1]
OSIdleCtrRun            0x2000'1354    0x4  Data  Gb  os_core.o [1]
OSInit                   0x800'0189   0x30  Code  Gb  os_core.o [1]
OSInitHookBegin          0x800'0901   0x26  Code  Gb  os_cpu_c.o [1]
OSInitHookEnd            0x800'0927    0x2  Code  Gb  os_cpu_c.o [1]
OSIntCtxSw               0x800'0deb         Code  Gb  os_cpu_a.o [1]
OSIntExit                0x800'01b9   0x78  Code  Gb  os_core.o [1]
OSIntNesting            0x2000'1382    0x1  Data  Gb  os_core.o [1]
OSLockNesting           0x2000'1383    0x1  Data  Gb  os_core.o [1]
OSLowestPrio             0x800'2330    0x2  Data  Gb  os_dbg.o [1]
OSMboxEn                 0x800'2332    0x2  Data  Gb  os_dbg.o [1]
OSMemEn                  0x800'2334    0x2  Data  Gb  os_dbg.o [1]
OSMemMax                 0x800'2336    0x2  Data  Gb  os_dbg.o [1]
OSMemNameEn              0x800'2338    0x2  Data  Gb  os_dbg.o [1]
OSMemSize                0x800'233a    0x2  Data  Gb  os_dbg.o [1]
OSMemTblSize             0x800'233c    0x2  Data  Gb  os_dbg.o [1]
OSMutexEn                0x800'233e    0x2  Data  Gb  os_dbg.o [1]
OSPrioCur               0x2000'1384    0x1  Data  Gb  os_core.o [1]
OSPrioHighRdy           0x2000'1385    0x1  Data  Gb  os_core.o [1]
OSPtrSize                0x800'2340    0x2  Data  Gb  os_dbg.o [1]
OSQEn                    0x800'2342    0x2  Data  Gb  os_dbg.o [1]
OSQFreeList             0x2000'136c    0x4  Data  Gb  os_core.o [1]
OSQMax                   0x800'2344    0x2  Data  Gb  os_dbg.o [1]
OSQSize                  0x800'2346    0x2  Data  Gb  os_dbg.o [1]
OSQTbl                  0x2000'1278   0x60  Data  Gb  os_core.o [1]
OSRdyGrp                0x2000'1386    0x1  Data  Gb  os_core.o [1]
OSRdyTbl                0x2000'133c    0x8  Data  Gb  os_core.o [1]
OSRdyTblSize             0x800'2348    0x2  Data  Gb  os_dbg.o [1]
OSRunning               0x2000'1387    0x1  Data  Gb  os_core.o [1]
OSSemEn                  0x800'234a    0x2  Data  Gb  os_dbg.o [1]
OSStart                  0x800'0231   0x3a  Code  Gb  os_core.o [1]
OSStartHighRdy           0x800'0dbf         Code  Gb  os_cpu_a.o [1]
OSStatRdy               0x2000'1381    0x1  Data  Gb  os_core.o [1]
OSStkWidth               0x800'234c    0x2  Data  Gb  os_dbg.o [1]
OSTCBCur                0x2000'135c    0x4  Data  Gb  os_core.o [1]
OSTCBFreeList           0x2000'1360    0x4  Data  Gb  os_core.o [1]
OSTCBHighRdy            0x2000'1364    0x4  Data  Gb  os_core.o [1]
OSTCBInitHook            0x800'0b31    0x2  Code  Gb  os_cpu_c.o [1]
OSTCBList               0x2000'1368    0x4  Data  Gb  os_core.o [1]
OSTCBPrioTbl            0x2000'1178  0x100  Data  Gb  os_core.o [1]
OSTCBPrioTblMax          0x800'2366    0x2  Data  Gb  os_dbg.o [1]
OSTCBSize                0x800'2368    0x2  Data  Gb  os_dbg.o [1]
OSTCBTbl                0x2000'0008  0x790  Data  Gb  os_core.o [1]
OSTaskCreate             0x800'0e5d   0xb4  Code  Gb  os_task.o [1]
OSTaskCreateEn           0x800'234e    0x2  Data  Gb  os_dbg.o [1]
OSTaskCreateExt          0x800'0f11   0xc8  Code  Gb  os_task.o [1]
OSTaskCreateExtEn        0x800'2350    0x2  Data  Gb  os_dbg.o [1]
OSTaskCreateHook         0x800'0929    0x2  Code  Gb  os_cpu_c.o [1]
OSTaskCtr               0x2000'1388    0x1  Data  Gb  os_core.o [1]
OSTaskDel                0x800'0fd9  0x166  Code  Gb  os_task.o [1]
OSTaskDelEn              0x800'2352    0x2  Data  Gb  os_dbg.o [1]
OSTaskDelHook            0x800'092b    0x2  Code  Gb  os_cpu_c.o [1]
OSTaskIdleHook           0x800'092d    0x2  Code  Gb  os_cpu_c.o [1]
OSTaskIdleStk           0x2000'0998  0x200  Data  Gb  os_core.o [1]
OSTaskIdleStkSize        0x800'2354    0x2  Data  Gb  os_dbg.o [1]
OSTaskMax                0x800'2358    0x2  Data  Gb  os_dbg.o [1]
OSTaskNameEn             0x800'235a    0x2  Data  Gb  os_dbg.o [1]
OSTaskNameSet            0x800'113f   0x72  Code  Gb  os_task.o [1]
OSTaskProfileEn          0x800'2356    0x2  Data  Gb  os_dbg.o [1]
OSTaskRegNextAvailID    0x2000'138a    0x1  Data  Gb  os_core.o [1]
OSTaskRegTblSize         0x800'2364    0x2  Data  Gb  os_dbg.o [1]
OSTaskReturnHook         0x800'092f    0x2  Code  Gb  os_cpu_c.o [1]
OSTaskStatEn             0x800'235c    0x2  Data  Gb  os_dbg.o [1]
OSTaskStatHook           0x800'0931    0x2  Code  Gb  os_cpu_c.o [1]
OSTaskStatStk           0x2000'0798  0x200  Data  Gb  os_core.o [1]
OSTaskStatStkChkEn       0x800'2360    0x2  Data  Gb  os_dbg.o [1]
OSTaskStatStkSize        0x800'235e    0x2  Data  Gb  os_dbg.o [1]
OSTaskStkChk             0x800'11b1   0x94  Code  Gb  os_task.o [1]
OSTaskStkInit            0x800'0933  0x15a  Code  Gb  os_cpu_c.o [1]
OSTaskSuspend            0x800'124d   0xb2  Code  Gb  os_task.o [1]
OSTaskSwHook             0x800'0a8d   0x28  Code  Gb  os_cpu_c.o [1]
OSTaskSwHookEn           0x800'2362    0x2  Data  Gb  os_dbg.o [1]
OSTickStepState         0x2000'1389    0x1  Data  Gb  os_core.o [1]
OSTicksPerSec            0x800'236a    0x2  Data  Gb  os_dbg.o [1]
OSTime                  0x2000'1370    0x4  Data  Gb  os_core.o [1]
OSTimeDly                0x800'1355   0x68  Code  Gb  os_time.o [1]
OSTimeTick               0x800'026b   0xe4  Code  Gb  os_core.o [1]
OSTimeTickHook           0x800'0b33    0x2  Code  Gb  os_cpu_c.o [1]
OSTimeTickHookEn         0x800'236c    0x2  Data  Gb  os_dbg.o [1]
OSTmrCfgMax              0x800'2372    0x2  Data  Gb  os_dbg.o [1]
OSTmrCfgNameEn           0x800'2374    0x2  Data  Gb  os_dbg.o [1]
OSTmrCfgTicksPerSec      0x800'2378    0x2  Data  Gb  os_dbg.o [1]
OSTmrCfgWheelSize        0x800'2376    0x2  Data  Gb  os_dbg.o [1]
OSTmrEn                  0x800'2370    0x2  Data  Gb  os_dbg.o [1]
OSTmrSize                0x800'237a    0x2  Data  Gb  os_dbg.o [1]
OSTmrTblSize             0x800'237c    0x2  Data  Gb  os_dbg.o [1]
OSTmrWheelSize           0x800'237e    0x2  Data  Gb  os_dbg.o [1]
OSTmrWheelTblSize        0x800'2380    0x2  Data  Gb  os_dbg.o [1]
OSUnMapTbl               0x800'1a14  0x100  Data  Gb  os_core.o [1]
OSVersionNbr             0x800'236e    0x2  Data  Gb  os_dbg.o [1]
OS_CPU_ExceptStk        0x2000'0b98  0x200  Data  Gb  os_cpu_c.o [1]
OS_CPU_ExceptStkBase    0x2000'1374    0x4  Data  Gb  os_cpu_c.o [1]
OS_CPU_FP_Reg_Pop        0x800'0d9f         Code  Gb  os_cpu_a.o [1]
OS_CPU_FP_Reg_Push       0x800'0d85         Code  Gb  os_cpu_a.o [1]
OS_CPU_PendSVHandler     0x800'0df3         Code  Gb  os_cpu_a.o [1]
OS_CPU_SR_Restore        0x800'0db9         Code  Gb  os_cpu_a.o [1]
OS_CPU_SR_Save           0x800'0db1         Code  Gb  os_cpu_a.o [1]
OS_Dummy                 0x800'034f    0x2  Code  Gb  os_core.o [1]
OS_EventTaskRemove       0x800'0351   0x3a  Code  Gb  os_core.o [1]
OS_EventTaskRemoveMulti
                         0x800'038b   0x4e  Code  Gb  os_core.o [1]
OS_FlagInit              0x800'0b35   0x56  Code  Gb  os_flag.o [1]
OS_FlagUnlink            0x800'0b99   0x2c  Code  Gb  os_flag.o [1]
OS_InitEventList         0x800'03d9   0x64  Code  Lc  os_core.o [1]
OS_InitMisc              0x800'043d   0x56  Code  Lc  os_core.o [1]
OS_InitRdyList           0x800'0493   0x44  Code  Lc  os_core.o [1]
OS_InitTCBList           0x800'054f   0x6e  Code  Lc  os_core.o [1]
OS_InitTaskIdle          0x800'04d7   0x3c  Code  Lc  os_core.o [1]
OS_InitTaskStat          0x800'0513   0x3c  Code  Lc  os_core.o [1]
OS_MemClr                0x800'05bd   0x14  Code  Gb  os_core.o [1]
OS_QInit                 0x800'0bc5   0x4e  Code  Gb  os_q.o [1]
OS_Sched                 0x800'05d1   0x54  Code  Gb  os_core.o [1]
OS_SchedNew              0x800'0625   0x24  Code  Lc  os_core.o [1]
OS_TCBInit               0x800'0749  0x144  Code  Gb  os_core.o [1]
OS_TaskIdle              0x800'0649   0x20  Code  Gb  os_core.o [1]
OS_TaskReturn            0x800'12ff   0x12  Code  Gb  os_task.o [1]
OS_TaskStat              0x800'066d   0x8a  Code  Gb  os_core.o [1]
OS_TaskStatStkChk        0x800'06f7   0x48  Code  Gb  os_core.o [1]
OS_TaskStkClr            0x800'133d   0x18  Code  Gb  os_task.o [1]
RCC_AHB1PeriphClockCmd   0x800'1e11   0x1c  Code  Gb  stm32f4xx_rcc.o [1]
Region$$Table$$Base      0x800'2124          --   Gb  - Linker created -
Region$$Table$$Limit     0x800'2148          --   Gb  - Linker created -
SDIO_ClearFlag           0x800'18db    0x6  Code  Gb  stm32f4xx_sdio.o [1]
SDIO_CmdInitStructure   0x2000'1328   0x14  Data  Gb  sdioBsp.o [1]
SDIO_GetFlagStatus       0x800'18c5   0x16  Code  Gb  stm32f4xx_sdio.o [1]
SDIO_IRQHandler          0x800'16bd    0x8  Code  Gb  sdioBsp.o [1]
SDIO_SendCommand         0x800'189d   0x28  Code  Gb  stm32f4xx_sdio.o [1]
SD_ProcessIRQSrc         0x800'16c5  0x150  Code  Gb  sdioBsp.o [1]
SVC_Handler              0x800'1f17    0x2  Code  Gb  stm32f4xx_it.o [1]
SYSTICK_Config           0x800'1d35    0xa  Code  Gb  systickBsp.o [1]
SetSysClock              0x800'1937   0xaa  Code  Lc  system_stm32f4xx.o [1]
StopCondition           0x2000'138c    0x1  Data  Lc  sdioBsp.o [1]
SysTick_Config           0x800'1d05   0x30  Code  Lc  systickBsp.o [1]
SysTick_Handler          0x800'1f1b   0x2a  Code  Gb  stm32f4xx_it.o [1]
SystemInit               0x800'18f1   0x46  Code  Gb  system_stm32f4xx.o [1]
TIM1_UP_TIM10_IRQHandler
                         0x800'1e31   0x44  Code  Gb  timBsp.o [1]
TIM1_UP_TIM10_IRQHandler::cnt
                        0x2000'137a    0x2  Data  Lc  timBsp.o [1]
TIM1_UP_TIM10_IRQHandler::res
                        0x2000'138f    0x1  Data  Lc  timBsp.o [1]
TIM2_IRQHandler          0x800'1ec1   0x44  Code  Gb  captureBsp.o [1]
TIM2_IRQHandler::cnt    0x2000'1378    0x2  Data  Lc  captureBsp.o [1]
TIM2_IRQHandler::res    0x2000'137c    0x1  Data  Lc  captureBsp.o [1]
TIM3_IRQHandler          0x800'1f89   0x2c  Code  Gb  pwmBsp.o [1]
TIM3_IRQHandler::res    0x2000'138b    0x1  Data  Lc  pwmBsp.o [1]
TIM_ClearITPendingBit    0x800'1eb7    0xa  Code  Gb  stm32f4xx_tim.o [1]
TIM_GetITStatus          0x800'1e89   0x2e  Code  Gb  stm32f4xx_tim.o [1]
Task1                    0x800'1d59    0xe  Code  Lc  main.o [1]
Task1_stk               0x2000'0f78  0x100  Data  Lc  main.o [1]
Task2                    0x800'1d67    0xe  Code  Lc  main.o [1]
Task2_stk               0x2000'1078  0x100  Data  Lc  main.o [1]
TransferEnd             0x2000'138e    0x1  Data  Gb  sdioBsp.o [1]
TransferError           0x2000'138d    0x1  Data  Gb  sdioBsp.o [1]
USART1_IRQHandler        0x800'1fc1   0x32  Code  Gb  uartBsp.o [1]
USART_ClearFlag          0x800'1f79   0x10  Code  Gb  stm32f4xx_usart.o [1]
USART_GetFlagStatus      0x800'1f5d   0x1c  Code  Gb  stm32f4xx_usart.o [1]
USART_ReceiveData        0x800'1f55    0x8  Code  Gb  stm32f4xx_usart.o [1]
USART_SendData           0x800'1f4d    0x8  Code  Gb  stm32f4xx_usart.o [1]
UsageFault_Handler       0x800'1f15    0x2  Code  Gb  stm32f4xx_it.o [1]
__cmain                  0x800'216d         Code  Gb  cmain.o [4]
__exit                   0x800'21a1   0x14  Code  Gb  exit.o [5]
__iar_close_ttio         0x800'2029   0x2e  Code  Gb  iarttio.o [5]
__iar_copy_init3         0x800'2065   0x2c  Code  Gb  copy_init3.o [4]
__iar_data_init3         0x800'2091   0x28  Code  Gb  data_init.o [4]
__iar_init_vfp           0x800'2101         Code  Gb  fpinit_M.o [3]
__iar_lookup_ttioh       0x800'2059    0x4  Code  Gb  XShttio.o [2]
__iar_program_start      0x800'21e5         Code  Gb  cstartup_M.o [4]
__iar_ttio_handles      0x2000'0000    0x8  Data  Lc  XShttio.o [2]
__iar_zero_init3         0x800'1beb   0x3a  Code  Gb  zero_init3.o [4]
__low_level_init         0x800'218b    0x4  Code  Gb  low_level_init.o [2]
__vector_table           0x800'0000         Data  Gb  startup_stm32f40xx.o [1]
_call_main               0x800'2179         Code  Gb  cmain.o [4]
_exit                    0x800'2195         Code  Gb  cexit.o [4]
_main                    0x800'2187         Code  Gb  cmain.o [4]
b                       0x2000'137f    0x1  Data  Gb  main.o [1]
cnt                     0x2000'137d    0x1  Data  Gb  dmaBsp.o [1]
exit                     0x800'218f    0x4  Code  Gb  exit.o [2]
main                     0x800'1d75   0x3c  Code  Gb  main.o [1]
temp                    0x2000'137e    0x1  Data  Gb  extiBsp.o [1]


[1] = E:\iar_project\stm32f407_reg\Debug\Obj
[2] = dl7M_tln.a
[3] = m7M_tls.a
[4] = rt7M_tl.a
[5] = shb_l.a

   8 652 bytes of readonly  code memory
     448 bytes of readonly  data memory
  13 200 bytes of readwrite data memory

Errors: none
Warnings: none
